ARM Linker, 4.1 [Build 894] [Standard]

==============================================================================

Section Cross References

    startup_stm32f10x_hd.o(RESET) refers to startup_stm32f10x_hd.o(STACK) for __initial_sp
    startup_stm32f10x_hd.o(RESET) refers to startup_stm32f10x_hd.o(.text) for Reset_Handler
    startup_stm32f10x_hd.o(RESET) refers to stm32f10x_it.o(i.NMI_Handler) for NMI_Handler
    startup_stm32f10x_hd.o(RESET) refers to stm32f10x_it.o(i.HardFault_Handler) for HardFault_Handler
    startup_stm32f10x_hd.o(RESET) refers to stm32f10x_it.o(i.MemManage_Handler) for MemManage_Handler
    startup_stm32f10x_hd.o(RESET) refers to stm32f10x_it.o(i.BusFault_Handler) for BusFault_Handler
    startup_stm32f10x_hd.o(RESET) refers to stm32f10x_it.o(i.UsageFault_Handler) for UsageFault_Handler
    startup_stm32f10x_hd.o(RESET) refers to hal_cm3.o(.emb_text) for SVC_Handler
    startup_stm32f10x_hd.o(RESET) refers to stm32f10x_it.o(i.DebugMon_Handler) for DebugMon_Handler
    startup_stm32f10x_hd.o(RESET) refers to stm32f10x_it.o(i.RTC_IRQHandler) for RTC_IRQHandler
    startup_stm32f10x_hd.o(RESET) refers to stm32f10x_it.o(i.EXTI9_5_IRQHandler) for EXTI9_5_IRQHandler
    startup_stm32f10x_hd.o(RESET) refers to delay.o(i.TIM2_IRQHandler) for TIM2_IRQHandler
    startup_stm32f10x_hd.o(RESET) refers to stm32f10x_it.o(i.EXTI15_10_IRQHandler) for EXTI15_10_IRQHandler
    startup_stm32f10x_hd.o(RESET) refers to stm32f10x_it.o(i.SDIO_IRQHandler) for SDIO_IRQHandler
    startup_stm32f10x_hd.o(.text) refers to system_stm32f10x.o(i.SystemInit) for SystemInit
    startup_stm32f10x_hd.o(.text) refers to entry.o(.ARM.Collect$$$$00000000) for __main
    stm32f10x_adc.o(i.ADC_DeInit) refers to stm32f10x_rcc.o(i.RCC_APB2PeriphResetCmd) for RCC_APB2PeriphResetCmd
    stm32f10x_bkp.o(i.BKP_DeInit) refers to stm32f10x_rcc.o(i.RCC_BackupResetCmd) for RCC_BackupResetCmd
    stm32f10x_dac.o(i.DAC_DeInit) refers to stm32f10x_rcc.o(i.RCC_APB1PeriphResetCmd) for RCC_APB1PeriphResetCmd
    stm32f10x_flash.o(i.FLASH_EnableWriteProtection) refers to stm32f10x_flash.o(i.FLASH_WaitForLastOperation) for FLASH_WaitForLastOperation
    stm32f10x_flash.o(i.FLASH_EraseAllBank1Pages) refers to stm32f10x_flash.o(i.FLASH_WaitForLastBank1Operation) for FLASH_WaitForLastBank1Operation
    stm32f10x_flash.o(i.FLASH_EraseAllPages) refers to stm32f10x_flash.o(i.FLASH_WaitForLastOperation) for FLASH_WaitForLastOperation
    stm32f10x_flash.o(i.FLASH_EraseOptionBytes) refers to stm32f10x_flash.o(i.FLASH_GetReadOutProtectionStatus) for FLASH_GetReadOutProtectionStatus
    stm32f10x_flash.o(i.FLASH_EraseOptionBytes) refers to stm32f10x_flash.o(i.FLASH_WaitForLastOperation) for FLASH_WaitForLastOperation
    stm32f10x_flash.o(i.FLASH_ErasePage) refers to stm32f10x_flash.o(i.FLASH_WaitForLastOperation) for FLASH_WaitForLastOperation
    stm32f10x_flash.o(i.FLASH_ProgramHalfWord) refers to stm32f10x_flash.o(i.FLASH_WaitForLastOperation) for FLASH_WaitForLastOperation
    stm32f10x_flash.o(i.FLASH_ProgramOptionByteData) refers to stm32f10x_flash.o(i.FLASH_WaitForLastOperation) for FLASH_WaitForLastOperation
    stm32f10x_flash.o(i.FLASH_ProgramWord) refers to stm32f10x_flash.o(i.FLASH_WaitForLastOperation) for FLASH_WaitForLastOperation
    stm32f10x_flash.o(i.FLASH_ReadOutProtection) refers to stm32f10x_flash.o(i.FLASH_WaitForLastOperation) for FLASH_WaitForLastOperation
    stm32f10x_flash.o(i.FLASH_UserOptionByteConfig) refers to stm32f10x_flash.o(i.FLASH_WaitForLastOperation) for FLASH_WaitForLastOperation
    stm32f10x_flash.o(i.FLASH_WaitForLastBank1Operation) refers to stm32f10x_flash.o(i.FLASH_GetBank1Status) for FLASH_GetBank1Status
    stm32f10x_flash.o(i.FLASH_WaitForLastOperation) refers to stm32f10x_flash.o(i.FLASH_GetBank1Status) for FLASH_GetBank1Status
    stm32f10x_gpio.o(i.GPIO_AFIODeInit) refers to stm32f10x_rcc.o(i.RCC_APB2PeriphResetCmd) for RCC_APB2PeriphResetCmd
    stm32f10x_gpio.o(i.GPIO_DeInit) refers to stm32f10x_rcc.o(i.RCC_APB2PeriphResetCmd) for RCC_APB2PeriphResetCmd
    stm32f10x_pwr.o(i.PWR_DeInit) refers to stm32f10x_rcc.o(i.RCC_APB1PeriphResetCmd) for RCC_APB1PeriphResetCmd
    stm32f10x_rcc.o(i.RCC_GetClocksFreq) refers to stm32f10x_rcc.o(.data) for APBAHBPrescTable
    stm32f10x_rcc.o(i.RCC_WaitForHSEStartUp) refers to stm32f10x_rcc.o(i.RCC_GetFlagStatus) for RCC_GetFlagStatus
    stm32f10x_rtc.o(i.RTC_SetAlarm) refers to stm32f10x_rtc.o(i.RTC_EnterConfigMode) for RTC_EnterConfigMode
    stm32f10x_rtc.o(i.RTC_SetAlarm) refers to stm32f10x_rtc.o(i.RTC_ExitConfigMode) for RTC_ExitConfigMode
    stm32f10x_rtc.o(i.RTC_SetCounter) refers to stm32f10x_rtc.o(i.RTC_EnterConfigMode) for RTC_EnterConfigMode
    stm32f10x_rtc.o(i.RTC_SetCounter) refers to stm32f10x_rtc.o(i.RTC_ExitConfigMode) for RTC_ExitConfigMode
    stm32f10x_rtc.o(i.RTC_SetPrescaler) refers to stm32f10x_rtc.o(i.RTC_EnterConfigMode) for RTC_EnterConfigMode
[...]
    _main_clock                              0x08000139   Thumb Code     0  entry7b.o(.ARM.Collect$$$$00000008)
    _main_init                               0x08000139   Thumb Code     0  entry8.o(.ARM.Collect$$$$00000009)
    rt_set_PSP                               0x08000145   Thumb Code     6  hal_cm3.o(.emb_text)
    os_set_env                               0x0800014b   Thumb Code    26  hal_cm3.o(.emb_text)
    _alloc_box                               0x08000169   Thumb Code    28  hal_cm3.o(.emb_text)
    _free_box                                0x08000189   Thumb Code    28  hal_cm3.o(.emb_text)
    SVC_Handler                              0x080001a9   Thumb Code   132  hal_cm3.o(.emb_text)
    PendSV_Handler                           0x08000239   Thumb Code     0  hal_cm3.o(.emb_text)
    Sys_Handler                              0x08000239   Thumb Code    84  hal_cm3.o(.emb_text)
    SysTick_Handler                          0x08000285   Thumb Code     0  hal_cm3.o(.emb_text)
    Reset_Handler                            0x08000291   Thumb Code     8  startup_stm32f10x_hd.o(.text)
    ADC1_2_IRQHandler                        0x080002ab   Thumb Code     0  startup_stm32f10x_hd.o(.text)
    ADC3_IRQHandler                          0x080002ab   Thumb Code     0  startup_stm32f10x_hd.o(.text)
    CAN1_RX1_IRQHandler                      0x080002ab   Thumb Code     0  startup_stm32f10x_hd.o(.text)
    CAN1_SCE_IRQHandler                      0x080002ab   Thumb Code     0  startup_stm32f10x_hd.o(.text)
    DMA1_Channel1_IRQHandler                 0x080002ab   Thumb Code     0  startup_stm32f10x_hd.o(.text)
    DMA1_Channel2_IRQHandler                 0x080002ab   Thumb Code     0  startup_stm32f10x_hd.o(.text)
    DMA1_Channel3_IRQHandler                 0x080002ab   Thumb Code     0  startup_stm32f10x_hd.o(.text)
    DMA1_Channel4_IRQHandler                 0x080002ab   Thumb Code     0  startup_stm32f10x_hd.o(.text)
    DMA1_Channel5_IRQHandler                 0x080002ab   Thumb Code     0  startup_stm32f10x_hd.o(.text)
    DMA1_Channel6_IRQHandler                 0x080002ab   Thumb Code     0  startup_stm32f10x_hd.o(.text)
    DMA1_Channel7_IRQHandler                 0x080002ab   Thumb Code     0  startup_stm32f10x_hd.o(.text)
    DMA2_Channel1_IRQHandler                 0x080002ab   Thumb Code     0  startup_stm32f10x_hd.o(.text)
    DMA2_Channel2_IRQHandler                 0x080002ab   Thumb Code     0  startup_stm32f10x_hd.o(.text)
    DMA2_Channel3_IRQHandler                 0x080002ab   Thumb Code     0  startup_stm32f10x_hd.o(.text)
    DMA2_Channel4_5_IRQHandler               0x080002ab   Thumb Code     0  startup_stm32f10x_hd.o(.text)
    EXTI0_IRQHandler                         0x080002ab   Thumb Code     0  startup_stm32f10x_hd.o(.text)
    EXTI1_IRQHandler                         0x080002ab   Thumb Code     0  startup_stm32f10x_hd.o(.text)
    EXTI2_IRQHandler                         0x080002ab   Thumb Code     0  startup_stm32f10x_hd.o(.text)
    EXTI3_IRQHandler                         0x080002ab   Thumb Code     0  startup_stm32f10x_hd.o(.text)
    EXTI4_IRQHandler                         0x080002ab   Thumb Code     0  startup_stm32f10x_hd.o(.text)
    FLASH_IRQHandler                         0x080002ab   Thumb Code     0  startup_stm32f10x_hd.o(.text)
    FSMC_IRQHandler                          0x080002ab   Thumb Code     0  startup_stm32f10x_hd.o(.text)
    I2C1_ER_IRQHandler                       0x080002ab   Thumb Code     0  startup_stm32f10x_hd.o(.text)
    I2C1_EV_IRQHandler                       0x080002ab   Thumb Code     0  startup_stm32f10x_hd.o(.text)
    I2C2_ER_IRQHandler                       0x080002ab   Thumb Code     0  startup_stm32f10x_hd.o(.text)
    I2C2_EV_IRQHandler                       0x080002ab   Thumb Code     0  startup_stm32f10x_hd.o(.text)
    PVD_IRQHandler                           0x080002ab   Thumb Code     0  startup_stm32f10x_hd.o(.text)
    RCC_IRQHandler                           0x080002ab   Thumb Code     0  startup_stm32f10x_hd.o(.text)
    RTCAlarm_IRQHandler                      0x080002ab   Thumb Code     0  startup_stm32f10x_hd.o(.text)
    SPI1_IRQHandler                          0x080002ab   Thumb Code     0  startup_stm32f10x_hd.o(.text)
    SPI2_IRQHandler                          0x080002ab   Thumb Code     0  startup_stm32f10x_hd.o(.text)
    SPI3_IRQHandler                          0x080002ab   Thumb Code     0  startup_stm32f10x_hd.o(.text)
    TAMPER_IRQHandler                        0x080002ab   Thumb Code     0  startup_stm32f10x_hd.o(.text)
    TIM1_BRK_IRQHandler                      0x080002ab   Thumb Code     0  startup_stm32f10x_hd.o(.text)
    TIM1_CC_IRQHandler                       0x080002ab   Thumb Code     0  startup_stm32f10x_hd.o(.text)
    TIM1_TRG_COM_IRQHandler                  0x080002ab   Thumb Code     0  startup_stm32f10x_hd.o(.text)
    TIM1_UP_IRQHandler                       0x080002ab   Thumb Code     0  startup_stm32f10x_hd.o(.text)
    TIM3_IRQHandler                          0x080002ab   Thumb Code     0  startup_stm32f10x_hd.o(.text)
    TIM4_IRQHandler                          0x080002ab   Thumb Code     0  startup_stm32f10x_hd.o(.text)
    TIM5_IRQHandler                          0x080002ab   Thumb Code     0  startup_stm32f10x_hd.o(.text)
    TIM6_IRQHandler                          0x080002ab   Thumb Code     0  startup_stm32f10x_hd.o(.text)
    TIM7_IRQHandler                          0x080002ab   Thumb Code     0  startup_stm32f10x_hd.o(.text)
    TIM8_BRK_IRQHandler                      0x080002ab   Thumb Code     0  startup_stm32f10x_hd.o(.text)
    TIM8_CC_IRQHandler                       0x080002ab   Thumb Code     0  startup_stm32f10x_hd.o(.text)
    TIM8_TRG_COM_IRQHandler                  0x080002ab   Thumb Code     0  startup_stm32f10x_hd.o(.text)
    TIM8_UP_IRQHandler                       0x080002ab   Thumb Code     0  startup_stm32f10x_hd.o(.text)
    UART4_IRQHandler                         0x080002ab   Thumb Code     0  startup_stm32f10x_hd.o(.text)
    UART5_IRQHandler                         0x080002ab   Thumb Code     0  startup_stm32f10x_hd.o(.text)
    USART1_IRQHandler                        0x080002ab   Thumb Code     0  startup_stm32f10x_hd.o(.text)
    USART2_IRQHandler                        0x080002ab   Thumb Code     0  startup_stm32f10x_hd.o(.text)
    USART3_IRQHandler                        0x080002ab   Thumb Code     0  startup_stm32f10x_hd.o(.text)
    USBWakeUp_IRQHandler                     0x080002ab   Thumb Code     0  startup_stm32f10x_hd.o(.text)
    USB_HP_CAN1_TX_IRQHandler                0x080002ab   Thumb Code     0  startup_stm32f10x_hd.o(.text)
    USB_LP_CAN1_RX0_IRQHandler               0x080002ab   Thumb Code     0  startup_stm32f10x_hd.o(.text)
    WWDG_IRQHandler                          0x080002ab   Thumb Code     0  startup_stm32f10x_hd.o(.text)
    tolower                                  0x080002b5   Thumb Code    12  tolower.o(.text)
    abs                                      0x080002c1   Thumb Code     8  siabs.o(.text)
    __aeabi_memcpy                           0x080002c9   Thumb Code    36  memcpya.o(.text)
    __aeabi_memcpy4                          0x080002c9   Thumb Code     0  memcpya.o(.text)
    __aeabi_memcpy8                          0x080002c9   Thumb Code     0  memcpya.o(.text)
    __aeabi_memset                           0x080002ed   Thumb Code    14  memseta.o(.text)
    __aeabi_memset4                          0x080002ed   Thumb Code     0  memseta.o(.text)
    __aeabi_memset8                          0x080002ed   Thumb Code     0  memseta.o(.text)
    __aeabi_memclr                           0x080002fb   Thumb Code     4  memseta.o(.text)
    __aeabi_memclr4                          0x080002fb   Thumb Code     0  memseta.o(.text)
    __aeabi_memclr8                          0x080002fb   Thumb Code     0  memseta.o(.text)
    _memset$wrapper                          0x080002ff   Thumb Code    20  memseta.o(.text)
    strcat                                   0x08000313   Thumb Code    28  strcat.o(.text)
    strstr                                   0x0800032f   Thumb Code    44  strstr.o(.text)
    strlen                                   0x0800035b   Thumb Code    16  strlen.o(.text)
    strcmp                                   0x0800036b   Thumb Code    28  strcmp.o(.text)
    strcpy                                   0x08000387   Thumb Code    18  strcpy.o(.text)
    __aeabi_fadd                             0x08000399   Thumb Code   164  fadd.o(.text)
    __aeabi_fsub                             0x0800043d   Thumb Code     6  fadd.o(.text)
    __aeabi_frsub                            0x08000443   Thumb Code     6  fadd.o(.text)
    __aeabi_fmul                             0x08000449   Thumb Code   108  fmul.o(.text)
    __aeabi_fdiv                             0x080004b5   Thumb Code   128  fdiv.o(.text)
    __aeabi_i2f                              0x08000535   Thumb Code    18  fflti.o(.text)
    __aeabi_ui2f                             0x08000547   Thumb Code    10  ffltui.o(.text)
    __aeabi_ui2d                             0x08000551   Thumb Code    26  dfltui.o(.text)
    __aeabi_f2iz                             0x0800056b   Thumb Code    50  ffixi.o(.text)
    __aeabi_f2uiz                            0x0800059d   Thumb Code    40  ffixui.o(.text)
    __aeabi_d2uiz                            0x080005c5   Thumb Code    46  dfixui.o(.text)
    __aeabi_f2d                              0x080005f3   Thumb Code    44  f2d.o(.text)
    __aeabi_cdcmpeq                          0x08000621   Thumb Code     0  cdcmple.o(.text)
    __aeabi_cdcmple                          0x08000621   Thumb Code    38  cdcmple.o(.text)
    __aeabi_cdrcmple                         0x08000649   Thumb Code    38  cdrcmple.o(.text)
    __aeabi_llsr                             0x08000671   Thumb Code    32  llushr.o(.text)
    _ll_ushift_r                             0x08000671   Thumb Code     0  llushr.o(.text)
    __I$use$fp                               0x08000691   Thumb Code     0  iusefp.o(.text)
    _float_round                             0x08000691   Thumb Code    18  fepilogue.o(.text)
    _float_epilogue                          0x080006a3   Thumb Code    90  fepilogue.o(.text)
    _double_round                            0x080006fd   Thumb Code    26  depilogue.o(.text)
    _double_epilogue                         0x08000717   Thumb Code   164  depilogue.o(.text)
    _dsqrt                                   0x080007bb   Thumb Code   162  dsqrt.o(.text)
    __scatterload                            0x0800085d   Thumb Code    28  init.o(.text)
    __scatterload_rt2                        0x0800085d   Thumb Code     0  init.o(.text)
    __aeabi_llsl                             0x08000881   Thumb Code    30  llshl.o(.text)
    _ll_shift_l                              0x08000881   Thumb Code     0  llshl.o(.text)
    SVC_Count                                0x080008a0   Data           4  SVC_Table.o(SVC_TABLE)
    ADC_Cmd                                  0x080008a5   Thumb Code    22  stm32f10x_adc.o(i.ADC_Cmd)
    SVC_Table                                0x080008a4   Data           0  SVC_Table.o(SVC_TABLE)
    ADC_Configuration                        0x080008bd   Thumb Code   146  backlight.o(i.ADC_Configuration)
    ADC_GetCalibrationStatus                 0x08000959   Thumb Code    20  stm32f10x_adc.o(i.ADC_GetCalibrationStatus)
    ADC_GetConversionValue                   0x0800096d   Thumb Code     8  stm32f10x_adc.o(i.ADC_GetConversionValue)
    ADC_GetFlagStatus                        0x08000975   Thumb Code    18  stm32f10x_adc.o(i.ADC_GetFlagStatus)
    ADC_GetResetCalibrationStatus            0x08000987   Thumb Code    20  stm32f10x_adc.o(i.ADC_GetResetCalibrationStatus)
    ADC_Init                                 0x0800099d   Thumb Code    70  stm32f10x_adc.o(i.ADC_Init)
    ADC_RegularChannelConfig                 0x080009ed   Thumb Code   184  stm32f10x_adc.o(i.ADC_RegularChannelConfig)
    ADC_ResetCalibration                     0x08000aa5   Thumb Code    10  stm32f10x_adc.o(i.ADC_ResetCalibration)
    ADC_SoftwareStartConvCmd                 0x08000aaf   Thumb Code    22  stm32f10x_adc.o(i.ADC_SoftwareStartConvCmd)
    ADC_StartCalibration                     0x08000ac5   Thumb Code    10  stm32f10x_adc.o(i.ADC_StartCalibration)
    AutoShowImage                            0x08000ad1   Thumb Code   222  bmpdecode.o(i.AutoShowImage)
    BKP_DeInit                               0x08000bc9   Thumb Code    16  stm32f10x_bkp.o(i.BKP_DeInit)
    BKP_ReadBackupRegister                   0x08000bd9   Thumb Code    12  stm32f10x_bkp.o(i.BKP_ReadBackupRegister)
    BKP_WriteBackupRegister                  0x08000be9   Thumb Code    10  stm32f10x_bkp.o(i.BKP_WriteBackupRegister)
    BackLight_Init                           0x08000bf9   Thumb Code    58  backlight.o(i.BackLight_Init)
    BookApp                                  0x08000c3d   Thumb Code   294  book.o(i.BookApp)
    BusFault_Handler                         0x08000d89   Thumb Code     4  stm32f10x_it.o(i.BusFault_Handler)
    CalBitRate                               0x08000d8d   Thumb Code   162  music.o(i.CalBitRate)
    CalHeaderLen                             0x08000e39   Thumb Code    62  music.o(i.CalHeaderLen)
    Calendar_Init                            0x08000e77   Thumb Code    58  calendar.o(i.Calendar_Init)
    CheckProperty                            0x08000eb1   Thumb Code    98  explorer.o(i.CheckProperty)
    DMA_ClearFlag                            0x080011e9   Thumb Code    18  stm32f10x_dma.o(i.DMA_ClearFlag)
    DMA_Cmd                                  0x08001205   Thumb Code    24  stm32f10x_dma.o(i.DMA_Cmd)
    DMA_GetFlagStatus                        0x0800121d   Thumb Code    34  stm32f10x_dma.o(i.DMA_GetFlagStatus)
    DMA_Init                                 0x08001249   Thumb Code    60  stm32f10x_dma.o(i.DMA_Init)
    DebugMon_Handler                         0x0800134d   Thumb Code     2  stm32f10x_it.o(i.DebugMon_Handler)
    DelayMS                                  0x08001351   Thumb Code    18  delay.o(i.DelayMS)
    Delay_Init                               0x08001369   Thumb Code    12  delay.o(i.Delay_Init)
    EXTI15_10_IRQHandler                     0x08001375   Thumb Code    22  stm32f10x_it.o(i.EXTI15_10_IRQHandler)
    EXTI9_5_IRQHandler                       0x0800138d   Thumb Code    84  stm32f10x_it.o(i.EXTI9_5_IRQHandler)
    EXTIConfig_Init                          0x080013f1   Thumb Code    22  main.o(i.EXTIConfig_Init)
    EXTI_ClearITPendingBit                   0x08001409   Thumb Code     6  stm32f10x_exti.o(i.EXTI_ClearITPendingBit)
    EXTI_Configuration                       0x08001415   Thumb Code    54  touch.o(i.EXTI_Configuration)
    EXTI_GetITStatus                         0x0800144d   Thumb Code    34  stm32f10x_exti.o(i.EXTI_GetITStatus)
    EXTI_Init                                0x08001475   Thumb Code   142  stm32f10x_exti.o(i.EXTI_Init)
    EXTI_KeyConfiguration                    0x08001509   Thumb Code    50  key.o(i.EXTI_KeyConfiguration)
    Eeprom_Init                              0x0800153d   Thumb Code    46  eeprom.o(i.Eeprom_Init)
    FSMC_NORSRAMCmd                          0x08001571   Thumb Code    46  stm32f10x_fsmc.o(i.FSMC_NORSRAMCmd)
    FSMC_NORSRAMInit                         0x080015a5   Thumb Code   224  stm32f10x_fsmc.o(i.FSMC_NORSRAMInit)
    FileCheck                                0x08001685   Thumb Code   296  explorer.o(i.FileCheck)
    FileExplorer                             0x080017c9   Thumb Code   684  explorer.o(i.FileExplorer)
    FillName                                 0x08001ad9   Thumb Code    60  lib.o(i.FillName)
    GPIO_EXTILineConfig                      0x08001be5   Thumb Code    60  stm32f10x_gpio.o(i.GPIO_EXTILineConfig)
    GPIO_Init                                0x08001c25   Thumb Code   274  stm32f10x_gpio.o(i.GPIO_Init)
    GPIO_KeyConfiguration                    0x08001d39   Thumb Code    64  key.o(i.GPIO_KeyConfiguration)
    GPIO_ReadInputDataBit                    0x08001d7d   Thumb Code    18  stm32f10x_gpio.o(i.GPIO_ReadInputDataBit)
    GPIO_ResetBits                           0x08001d8f   Thumb Code     4  stm32f10x_gpio.o(i.GPIO_ResetBits)
    GPIO_SetBits                             0x08001d93   Thumb Code     4  stm32f10x_gpio.o(i.GPIO_SetBits)
    GetAutoSet                               0x08001d97   Thumb Code    20  backlight.o(i.GetAutoSet)
    GetBackLight                             0x08001dab   Thumb Code    30  backlight.o(i.GetBackLight)
    GetExplorerIndex                         0x08001dc9   Thumb Code   122  explorer.o(i.GetExplorerIndex)
    GetIndex                                 0x08001e49   Thumb Code    40  music.o(i.GetIndex)
    GetLightValue                            0x08001e71   Thumb Code    36  backlight.o(i.GetLightValue)
    GetMainIndex                             0x08001e99   Thumb Code    92  main.o(i.GetMainIndex)
    GetTimeIndex                             0x08001ef9   Thumb Code   356  time.o(i.GetTimeIndex)
    GetTouchPoint                            0x08002065   Thumb Code   130  touch.o(i.GetTouchPoint)
    GetTouchValue                            0x080020f1   Thumb Code   210  touch.o(i.GetTouchValue)
    GetVolume                                0x080021cd   Thumb Code    34  music.o(i.GetVolume)
    Get_Date                                 0x080021f1   Thumb Code   324  calendar.o(i.Get_Date)
    Get_Time                                 0x08002359   Thumb Code   186  calendar.o(i.Get_Time)
    HardFault_Handler                        0x08002429   Thumb Code     4  stm32f10x_it.o(i.HardFault_Handler)
    I2C_ReadByte                             0x0800249d   Thumb Code   130  eeprom.o(i.I2C_ReadByte)
    I2C_ReceiveByte                          0x08002521   Thumb Code    78  eeprom.o(i.I2C_ReceiveByte)
    I2C_SendByte                             0x08002575   Thumb Code    82  eeprom.o(i.I2C_SendByte)
    I2C_Start                                0x080025cd   Thumb Code    78  eeprom.o(i.I2C_Start)
    I2C_Stop                                 0x08002621   Thumb Code    52  eeprom.o(i.I2C_Stop)
    I2C_WaitAck                              0x08002659   Thumb Code    72  eeprom.o(i.I2C_WaitAck)
    I2C_WriteByte                            0x080026a5   Thumb Code    84  eeprom.o(i.I2C_WriteByte)
    I2C_delay                                0x080026f9   Thumb Code    14  eeprom.o(i.I2C_delay)
    IsInRect                                 0x08002871   Thumb Code    52  touch.o(i.IsInRect)
    IsOk                                     0x080028a9   Thumb Code   658  touch.o(i.IsOk)
    Is_Leap_Year                             0x08002b49   Thumb Code    58  calendar.o(i.Is_Leap_Year)
    Key_Init                                 0x08002b83   Thumb Code    16  key.o(i.Key_Init)
    LCD_Clear                                0x08002b95   Thumb Code    38  tft_lcd.o(i.LCD_Clear)
    LCD_DisplayString                        0x08002c31   Thumb Code   138  tft_lcd.o(i.LCD_DisplayString)
    LCD_DrawChar                             0x08002cc5   Thumb Code   216  tft_lcd.o(i.LCD_DrawChar)
    LCD_DrawCircle                           0x08002da9   Thumb Code   252  tft_lcd.o(i.LCD_DrawCircle)
    LCD_DrawLine                             0x08002ea9   Thumb Code    86  tft_lcd.o(i.LCD_DrawLine)
    LCD_DrawRect                             0x08002f05   Thumb Code    64  tft_lcd.o(i.LCD_DrawRect)
    LCD_FillRect                             0x08002fa1   Thumb Code    62  tft_lcd.o(i.LCD_FillRect)
    LCD_Init                                 0x08002fe5   Thumb Code   742  tft_lcd.o(i.LCD_Init)
    LCD_SetBackColor                         0x080032cd   Thumb Code     6  tft_lcd.o(i.LCD_SetBackColor)
    LCD_SetCursor                            0x080032d9   Thumb Code    34  tft_lcd.o(i.LCD_SetCursor)
    LCD_SetTextColor                         0x080032fd   Thumb Code     6  tft_lcd.o(i.LCD_SetTextColor)
    LCD_WriteRAM                             0x08003309   Thumb Code     8  tft_lcd.o(i.LCD_WriteRAM)
    LCD_WriteRAM_Prepare                     0x08003311   Thumb Code    12  tft_lcd.o(i.LCD_WriteRAM_Prepare)
    LCD_WriteReg                             0x0800331d   Thumb Code    10  tft_lcd.o(i.LCD_WriteReg)
    LoadGUI                                  0x08003329   Thumb Code   178  music.o(i.LoadGUI)
    MainApp                                  0x08003425   Thumb Code    88  main.o(i.MainApp)
    MemManage_Handler                        0x08003485   Thumb Code     4  stm32f10x_it.o(i.MemManage_Handler)
    MusicApp                                 0x08003489   Thumb Code   418  music.o(i.MusicApp)
    MusicPlay                                0x08003679   Thumb Code   406  music.o(i.MusicPlay)
    NMI_Handler                              0x08003839   Thumb Code     2  stm32f10x_it.o(i.NMI_Handler)
    NVIC_Init                                0x0800383d   Thumb Code   102  misc.o(i.NVIC_Init)
    NVIC_KeyConfiguration                    0x080038b1   Thumb Code    44  key.o(i.NVIC_KeyConfiguration)
    NVIC_PriorityGroupConfig                 0x080038dd   Thumb Code    10  misc.o(i.NVIC_PriorityGroupConfig)
    NVIC_RTCConfiguration                    0x080038f1   Thumb Code    32  calendar.o(i.NVIC_RTCConfiguration)
    NVIC_SDIOConfiguration                   0x08003911   Thumb Code    30  sdio.o(i.NVIC_SDIOConfiguration)
    NVIC_SetVectorTable                      0x08003931   Thumb Code    12  misc.o(i.NVIC_SetVectorTable)
    NVIC_TIM2Configuration                   0x08003945   Thumb Code    32  delay.o(i.NVIC_TIM2Configuration)
    NVIC_TouchConfiguration                  0x08003965   Thumb Code    32  touch.o(i.NVIC_TouchConfiguration)
    PWR_BackupAccessCmd                      0x08003985   Thumb Code     6  stm32f10x_pwr.o(i.PWR_BackupAccessCmd)
    Pen_Int_Set                              0x08003991   Thumb Code    30  touch.o(i.Pen_Int_Set)
    PhotoApp                                 0x080039b5   Thumb Code   124  photo.o(i.PhotoApp)
    RCC_ADCCLKConfig                         0x08003a4d   Thumb Code    18  stm32f10x_rcc.o(i.RCC_ADCCLKConfig)
    RCC_AHBPeriphClockCmd                    0x08003a65   Thumb Code    26  stm32f10x_rcc.o(i.RCC_AHBPeriphClockCmd)
    RCC_APB1PeriphClockCmd                   0x08003a85   Thumb Code    26  stm32f10x_rcc.o(i.RCC_APB1PeriphClockCmd)
    RCC_APB1PeriphResetCmd                   0x08003aa5   Thumb Code    26  stm32f10x_rcc.o(i.RCC_APB1PeriphResetCmd)
    RCC_APB2PeriphClockCmd                   0x08003ac5   Thumb Code    26  stm32f10x_rcc.o(i.RCC_APB2PeriphClockCmd)
    RCC_APB2PeriphResetCmd                   0x08003ae5   Thumb Code    26  stm32f10x_rcc.o(i.RCC_APB2PeriphResetCmd)
    RCC_BackupResetCmd                       0x08003b05   Thumb Code     6  stm32f10x_rcc.o(i.RCC_BackupResetCmd)
    RCC_ClearFlag                            0x08003b11   Thumb Code    14  stm32f10x_rcc.o(i.RCC_ClearFlag)
    RCC_GetFlagStatus                        0x08003b25   Thumb Code    56  stm32f10x_rcc.o(i.RCC_GetFlagStatus)
    RCC_LSEConfig                            0x08003b61   Thumb Code    44  stm32f10x_rcc.o(i.RCC_LSEConfig)
    RCC_RTCCLKCmd                            0x08003b95   Thumb Code     6  stm32f10x_rcc.o(i.RCC_RTCCLKCmd)
    RCC_RTCCLKConfig                         0x08003ba1   Thumb Code    12  stm32f10x_rcc.o(i.RCC_RTCCLKConfig)
    RTC_ClearITPendingBit                    0x08003bb1   Thumb Code    16  stm32f10x_rtc.o(i.RTC_ClearITPendingBit)
    RTC_Configuration                        0x08003bc5   Thumb Code    88  calendar.o(i.RTC_Configuration)
    RTC_EnterConfigMode                      0x08003c1d   Thumb Code    14  stm32f10x_rtc.o(i.RTC_EnterConfigMode)
    RTC_ExitConfigMode                       0x08003c31   Thumb Code    16  stm32f10x_rtc.o(i.RTC_ExitConfigMode)
    RTC_GetCounter                           0x08003c45   Thumb Code    16  stm32f10x_rtc.o(i.RTC_GetCounter)
    RTC_GetITStatus                          0x08003c59   Thumb Code    32  stm32f10x_rtc.o(i.RTC_GetITStatus)
    RTC_IRQHandler                           0x08003c7d   Thumb Code    48  stm32f10x_it.o(i.RTC_IRQHandler)
    RTC_ITConfig                             0x08003cb5   Thumb Code    30  stm32f10x_rtc.o(i.RTC_ITConfig)
    RTC_SetCounter                           0x08003cd9   Thumb Code    24  stm32f10x_rtc.o(i.RTC_SetCounter)
    RTC_SetPrescaler                         0x08003cf5   Thumb Code    26  stm32f10x_rtc.o(i.RTC_SetPrescaler)
    RTC_WaitForLastTask                      0x08003d15   Thumb Code    14  stm32f10x_rtc.o(i.RTC_WaitForLastTask)
    RTC_WaitForSynchro                       0x08003d29   Thumb Code    28  stm32f10x_rtc.o(i.RTC_WaitForSynchro)
    SDIO_ClearFlag                           0x08003d49   Thumb Code     6  stm32f10x_sdio.o(i.SDIO_ClearFlag)
    SDIO_ClearITPendingBit                   0x08003d55   Thumb Code     6  stm32f10x_sdio.o(i.SDIO_ClearITPendingBit)
    SDIO_ClockCmd                            0x08003d61   Thumb Code     6  stm32f10x_sdio.o(i.SDIO_ClockCmd)
    SDIO_DMACmd                              0x08003d6d   Thumb Code     6  stm32f10x_sdio.o(i.SDIO_DMACmd)
    SDIO_DataConfig                          0x08003d79   Thumb Code    42  stm32f10x_sdio.o(i.SDIO_DataConfig)
    SDIO_DeInit                              0x08003da9   Thumb Code    28  stm32f10x_sdio.o(i.SDIO_DeInit)
    SDIO_GetCommandResponse                  0x08003dcd   Thumb Code     8  stm32f10x_sdio.o(i.SDIO_GetCommandResponse)
    SDIO_GetFlagStatus                       0x08003dd9   Thumb Code    20  stm32f10x_sdio.o(i.SDIO_GetFlagStatus)
    SDIO_GetITStatus                         0x08003df1   Thumb Code    20  stm32f10x_sdio.o(i.SDIO_GetITStatus)
    SDIO_GetPowerState                       0x08003e09   Thumb Code    10  stm32f10x_sdio.o(i.SDIO_GetPowerState)
    SDIO_GetResponse                         0x08003e19   Thumb Code    12  stm32f10x_sdio.o(i.SDIO_GetResponse)
    SDIO_IRQHandler                          0x08003e29   Thumb Code     8  stm32f10x_it.o(i.SDIO_IRQHandler)
    SDIO_ITConfig                            0x08003e31   Thumb Code    26  stm32f10x_sdio.o(i.SDIO_ITConfig)
    SDIO_Init                                0x08003e51   Thumb Code    42  stm32f10x_sdio.o(i.SDIO_Init)
    SDIO_ReadData                            0x08003e81   Thumb Code     6  stm32f10x_sdio.o(i.SDIO_ReadData)
    SDIO_SendCommand                         0x08003e8d   Thumb Code    38  stm32f10x_sdio.o(i.SDIO_SendCommand)
    SDIO_SetPowerState                       0x08003eb9   Thumb Code    22  stm32f10x_sdio.o(i.SDIO_SetPowerState)
    SDIO_WriteData                           0x08003ed5   Thumb Code     6  stm32f10x_sdio.o(i.SDIO_WriteData)
    SD_GetCardInfo                           0x08003ee1   Thumb Code   764  sdcard.o(i.SD_GetCardInfo)
    SD_Init                                  0x080041ed   Thumb Code    84  sdcard.o(i.SD_Init)
    SD_InitializeCards                       0x08004245   Thumb Code   300  sdcard.o(i.SD_InitializeCards)
    SD_PowerON                               0x08004385   Thumb Code   384  sdcard.o(i.SD_PowerON)
    SD_ProcessIRQSrc                         0x08004515   Thumb Code   552  sdcard.o(i.SD_ProcessIRQSrc)
    SD_ReadBlock                             0x0800475d   Thumb Code   566  sdcard.o(i.SD_ReadBlock)
    SD_ReadMultiBlocks                       0x080049c5   Thumb Code   716  sdcard.o(i.SD_ReadMultiBlocks)
    SD_SelectDeselect                        0x08004cc1   Thumb Code    48  sdcard.o(i.SD_SelectDeselect)
    SD_SetDeviceMode                         0x08004cf5   Thumb Code    24  sdcard.o(i.SD_SetDeviceMode)
    SD_StopTransfer                          0x08004d11   Thumb Code    46  sdcard.o(i.SD_StopTransfer)
    SD_WriteBlock                            0x08004d45   Thumb Code   836  sdcard.o(i.SD_WriteBlock)
    SD_WriteMultiBlocks                      0x080050bd   Thumb Code   966  sdcard.o(i.SD_WriteMultiBlocks)
    SPI_Cmd                                  0x080054b9   Thumb Code    24  stm32f10x_spi.o(i.SPI_Cmd)
    SPI_I2S_GetFlagStatus                    0x080054d1   Thumb Code    18  stm32f10x_spi.o(i.SPI_I2S_GetFlagStatus)
    SPI_I2S_ReceiveData                      0x080054e3   Thumb Code     6  stm32f10x_spi.o(i.SPI_I2S_ReceiveData)
    SPI_I2S_SendData                         0x080054e9   Thumb Code     4  stm32f10x_spi.o(i.SPI_I2S_SendData)
    SPI_Init                                 0x080054ed   Thumb Code    60  stm32f10x_spi.o(i.SPI_Init)
    SPI_TouchConfiguration                   0x08005529   Thumb Code   204  touch.o(i.SPI_TouchConfiguration)
    SPI_WriteByte                            0x08005609   Thumb Code    54  touch.o(i.SPI_WriteByte)
    SaveBackLight                            0x08005645   Thumb Code    28  backlight.o(i.SaveBackLight)
    SaveIndex                                0x08005669   Thumb Code    50  music.o(i.SaveIndex)
    SaveVolume                               0x0800569b   Thumb Code    26  music.o(i.SaveVolume)
    SetBackLight                             0x080056b5   Thumb Code   238  backlight.o(i.SetBackLight)
    SetVolume                                0x0800587d   Thumb Code    58  music.o(i.SetVolume)
    Set_Counter                              0x080058b9   Thumb Code   214  calendar.o(i.Set_Counter)
    SettingApp                               0x080059a1   Thumb Code   384  setting.o(i.SettingApp)
    ShowBackLightBar                         0x08005b4d   Thumb Code    52  setting.o(i.ShowBackLightBar)
    ShowBigImage                             0x08005b81   Thumb Code   618  bmpdecode.o(i.ShowBigImage)
    ShowImage                                0x08005e05   Thumb Code   386  bmpdecode.o(i.ShowImage)
    ShowMainMenu                             0x08005fa1   Thumb Code    98  main.o(i.ShowMainMenu)
    ShowPage                                 0x08006049   Thumb Code   168  book.o(i.ShowPage)
    ShowTime                                 0x080060f1   Thumb Code   288  music.o(i.ShowTime)
    Show_Calendar                            0x0800621d   Thumb Code    54  calendar.o(i.Show_Calendar)
    SpiDelay                                 0x0800625d   Thumb Code    12  touch.o(i.SpiDelay)
    SystemInit                               0x08006269   Thumb Code    78  system_stm32f10x.o(i.SystemInit)
    TIM2_IRQHandler                          0x080062c9   Thumb Code    32  delay.o(i.TIM2_IRQHandler)
    TIM_ARRPreloadConfig                     0x080062ed   Thumb Code    24  stm32f10x_tim.o(i.TIM_ARRPreloadConfig)
    TIM_ClearITPendingBit                    0x08006305   Thumb Code     6  stm32f10x_tim.o(i.TIM_ClearITPendingBit)
    TIM_Cmd                                  0x0800630b   Thumb Code    24  stm32f10x_tim.o(i.TIM_Cmd)
    TIM_DeInit                               0x08006325   Thumb Code   424  stm32f10x_tim.o(i.TIM_DeInit)
    TIM_GetITStatus                          0x0800650d   Thumb Code    34  stm32f10x_tim.o(i.TIM_GetITStatus)
    TIM_ITConfig                             0x0800652f   Thumb Code    24  stm32f10x_tim.o(i.TIM_ITConfig)
    TIM_OC4Init                              0x08006549   Thumb Code   106  stm32f10x_tim.o(i.TIM_OC4Init)
    TIM_OC4PreloadConfig                     0x080065bd   Thumb Code    22  stm32f10x_tim.o(i.TIM_OC4PreloadConfig)
    TIM_TimeBaseInit                         0x080065d5   Thumb Code   122  stm32f10x_tim.o(i.TIM_TimeBaseInit)
    TPReadX                                  0x08006679   Thumb Code   146  touch.o(i.TPReadX)
    TPReadY                                  0x0800670b   Thumb Code   146  touch.o(i.TPReadY)
    TimeApp                                  0x0800679d   Thumb Code   340  time.o(i.TimeApp)
    TimeClick                                0x08006941   Thumb Code   530  time.o(i.TimeClick)
    Timer2_Configuration                     0x08006b81   Thumb Code    80  delay.o(i.Timer2_Configuration)
    TouchReadX                               0x08006bd1   Thumb Code    74  touch.o(i.TouchReadX)
    TouchReadY                               0x08006c21   Thumb Code    74  touch.o(i.TouchReadY)
    Touch_Init                               0x08006c71   Thumb Code    30  touch.o(i.Touch_Init)
    UsageFault_Handler                       0x08006c8f   Thumb Code     4  stm32f10x_it.o(i.UsageFault_Handler)
    VS1003_GetDecodeTime                     0x08006c93   Thumb Code    10  vs1003.o(i.VS1003_GetDecodeTime)
    VS1003_Init                              0x08006c9d   Thumb Code   196  vs1003.o(i.VS1003_Init)
    VS1003_ReadReg                           0x08006d69   Thumb Code    94  vs1003.o(i.VS1003_ReadReg)
    VS1003_Reset                             0x08006dd1   Thumb Code    56  vs1003.o(i.VS1003_Reset)
    VS1003_ResetDecodeTime                   0x08006e11   Thumb Code    20  vs1003.o(i.VS1003_ResetDecodeTime)
    VS1003_SetVol                            0x08006f11   Thumb Code    64  vs1003.o(i.VS1003_SetVol)
    VS1003_SoftReset                         0x08006f55   Thumb Code   232  vs1003.o(i.VS1003_SoftReset)
    VS1003_WriteData                         0x08007045   Thumb Code    54  vs1003.o(i.VS1003_WriteData)
    __scatterload_copy                       0x080070e5   Thumb Code    14  handlers.o(i.__scatterload_copy)
    __scatterload_null                       0x080070f3   Thumb Code     2  handlers.o(i.__scatterload_null)
    __scatterload_zeroinit                   0x080070f5   Thumb Code    14  handlers.o(i.__scatterload_zeroinit)
    __set_errno                              0x08007105   Thumb Code     6  errno.o(i.__set_errno)
    _init_box                                0x08007111   Thumb Code    70  rt_membox.o(i._init_box)
    clust2sect                               0x08007461   Thumb Code    30  ff.o(i.clust2sect)
    dbg_init                                 0x08007845   Thumb Code    34  hal_cm3.o(i.dbg_init)
    dbg_task_notify                          0x08007875   Thumb Code    32  hal_cm3.o(i.dbg_task_notify)
    dbg_task_switch                          0x08007895   Thumb Code    16  hal_cm3.o(i.dbg_task_switch)
    disk_initialize                          0x08007d8f   Thumb Code    68  diskio.o(i.disk_initialize)
    disk_ioctl                               0x08007dd3   Thumb Code     6  diskio.o(i.disk_ioctl)
    disk_read                                0x08007dd9   Thumb Code    62  diskio.o(i.disk_read)
    disk_status                              0x08007e17   Thumb Code     6  diskio.o(i.disk_status)
    disk_write                               0x08007e1d   Thumb Code    62  diskio.o(i.disk_write)
    f_close                                  0x08007e5b   Thumb Code    22  ff.o(i.f_close)
    f_lseek                                  0x08007e71   Thumb Code   434  ff.o(i.f_lseek)
    f_mount                                  0x08008025   Thumb Code    60  ff.o(i.f_mount)
    f_open                                   0x08008065   Thumb Code   292  ff.o(i.f_open)
    f_opendir                                0x0800818d   Thumb Code    96  ff.o(i.f_opendir)
    f_read                                   0x080081f1   Thumb Code   456  ff.o(i.f_read)
    f_readdir                                0x080083b9   Thumb Code    92  ff.o(i.f_readdir)
    f_sync                                   0x08008419   Thumb Code   140  ff.o(i.f_sync)
    ff_convert                               0x080084a5   Thumb Code   116  cc936.o(i.ff_convert)
    ff_wtoupper                              0x08008521   Thumb Code    46  cc936.o(i.ff_wtoupper)
    gen_numname                              0x0800864b   Thumb Code   188  ff.o(i.gen_numname)
    get_adjdata                              0x08008709   Thumb Code    92  touch.o(i.get_adjdata)
    get_fat                                  0x0800876d   Thumb Code   218  ff.o(i.get_fat)
    get_fattime                              0x08008847   Thumb Code     4  diskio.o(i.get_fattime)
    itoa                                     0x08008969   Thumb Code    76  lib.o(i.itoa)
    main                                     0x080089b5   Thumb Code    74  main.o(i.main)
    os_error                                 0x08008aed   Thumb Code     4  rtx_confg.o(i.os_error)
    os_idle_demon                            0x08008af1   Thumb Code     4  rtx_confg.o(i.os_idle_demon)
    os_tmr_call                              0x08008af5   Thumb Code     2  rtx_confg.o(i.os_tmr_call)
    put_fat                                  0x08008b61   Thumb Code   274  ff.o(i.put_fat)
    reverse                                  0x08008ce5   Thumb Code    38  lib.o(i.reverse)
    rt_alloc_box                             0x08008d0d   Thumb Code    28  rt_membox.o(i.rt_alloc_box)
    rt_block                                 0x08008d29   Thumb Code    48  rt_task.o(i.rt_block)
    rt_chk_robin                             0x08008d61   Thumb Code    58  rt_robin.o(i.rt_chk_robin)
    rt_dec_dly                               0x08008da9   Thumb Code   106  rt_list.o(i.rt_dec_dly)
    rt_dispatch                              0x08008e1d   Thumb Code    60  rt_task.o(i.rt_dispatch)
    rt_dly_wait                              0x08008e61   Thumb Code     6  rt_time.o(i.rt_dly_wait)
    rt_evt_psh                               0x08008e69   Thumb Code    72  rt_event.o(i.rt_evt_psh)
    rt_free_box                              0x08008eb5   Thumb Code    32  rt_membox.o(i.rt_free_box)
    rt_get_first                             0x08008ed5   Thumb Code    40  rt_list.o(i.rt_get_first)
    rt_init_robin                            0x08008f41   Thumb Code    14  rt_robin.o(i.rt_init_robin)
    rt_init_stack                            0x08008f59   Thumb Code    70  hal_cm3.o(i.rt_init_stack)
    rt_mbx_psh                               0x08008fa9   Thumb Code   188  rt_mailbox.o(i.rt_mbx_psh)
    rt_pop_req                               0x08009069   Thumb Code   106  rt_system.o(i.rt_pop_req)
    rt_put_dly                               0x080090e1   Thumb Code    68  rt_list.o(i.rt_put_dly)
    rt_put_prio                              0x08009129   Thumb Code    54  rt_list.o(i.rt_put_prio)
    rt_put_rdy_first                         0x08009161   Thumb Code    14  rt_list.o(i.rt_put_rdy_first)
    rt_rmv_dly                               0x08009175   Thumb Code    40  rt_list.o(i.rt_rmv_dly)
    rt_rmv_list                              0x0800919d   Thumb Code    44  rt_list.o(i.rt_rmv_list)
    rt_sem_psh                               0x080091cd   Thumb Code    46  rt_semaphore.o(i.rt_sem_psh)
    rt_stk_check                             0x08009201   Thumb Code    28  rt_system.o(i.rt_stk_check)
    rt_switch_req                            0x08009225   Thumb Code    30  rt_task.o(i.rt_switch_req)
    rt_sys_init                              0x0800924d   Thumb Code   242  rt_task.o(i.rt_sys_init)
    rt_systick                               0x0800938d   Thumb Code    48  rt_system.o(i.rt_systick)
    rt_tmr_tick                              0x080093c9   Thumb Code    56  rt_timer.o(i.rt_tmr_tick)
    rt_tsk_create                            0x08009409   Thumb Code   122  rt_task.o(i.rt_tsk_create)
    rt_tsk_delete                            0x08009499   Thumb Code   146  rt_task.o(i.rt_tsk_delete)
    rt_tsk_lock                              0x08009545   Thumb Code    30  rt_system.o(i.rt_tsk_lock)
    rt_tsk_unlock                            0x0800956d   Thumb Code    32  rt_system.o(i.rt_tsk_unlock)
    save_adjdata                             0x08009595   Thumb Code   198  touch.o(i.save_adjdata)
    sqrt                                     0x08009665   Thumb Code    76  sqrt.o(i.sqrt)
    touch_adjust                             0x08009751   Thumb Code   422  touch.o(i.touch_adjust)
    os_maxtaskrun                            0x08009964   Data           2  rtx_confg.o(.constdata)
    os_stackinfo                             0x08009968   Data           4  rtx_confg.o(.constdata)
    os_rrobin                                0x0800996c   Data           4  rtx_confg.o(.constdata)
    os_trv                                   0x08009970   Data           4  rtx_confg.o(.constdata)
    os_flags                                 0x08009974   Data           1  rtx_confg.o(.constdata)
    os_clockrate                             0x08009978   Data           4  rtx_confg.o(.constdata)
    os_timernum                              0x0800997c   Data           4  rtx_confg.o(.constdata)
    mp_tcb_size                              0x08009980   Data           2  rtx_confg.o(.constdata)
    mp_stk_size                              0x08009984   Data           4  rtx_confg.o(.constdata)
    os_fifo_size                             0x08009988   Data           1  rtx_confg.o(.constdata)
    mp_tmr_size                              0x0800998a   Data           2  rtx_confg.o(.constdata)
    Ascii16                                  0x0800998c   Data        4096  asc16.o(.constdata)
    mon_table                                0x080356a2   Data          13  calendar.o(.constdata)
    Region$$Table$$Base                      0x0803578c   Number         0  anon$$obj.o(Region$$Table)
    Region$$Table$$Limit                     0x080357ac   Number         0  anon$$obj.o(Region$$Table)
    mb                                       0x20000000   Data           1  main.o(.data)
    backKey                                  0x20000001   Data           1  stm32f10x_it.o(.data)
    selectKey                                0x20000002   Data           1  stm32f10x_it.o(.data)
    tamperKey                                0x20000003   Data           1  stm32f10x_it.o(.data)
    gTimer_1ms                               0x20000004   Data           4  delay.o(.data)
    musicFileNum                             0x20000008   Data           1  explorer.o(.data)
    photoFileNum                             0x20000009   Data           1  explorer.o(.data)
    bookFileNum                              0x2000000a   Data           1  explorer.o(.data)
    m_tmr                                    0x2000000c   Data           4  rtx_confg.o(.data)
    autosetBackLight                         0x20000015   Data           1  backlight.o(.data)
    backLightValue                           0x20000016   Data           1  backlight.o(.data)
    penPoint                                 0x20000018   Data           6  touch.o(.data)
    TransferError                            0x2000003c   Data           1  sdcard.o(.data)
    TransferEnd                              0x20000040   Data           4  sdcard.o(.data)
    NumberOfBytes                            0x20000044   Data           4  sdcard.o(.data)
    SrcBuffer                                0x20000048   Data           4  sdcard.o(.data)
    DestBuffer                               0x2000004c   Data           4  sdcard.o(.data)
    result                                   0x20000050   Data           1  bmpdecode.o(.data)
    bw                                       0x20000054   Data           4  bmpdecode.o(.data)
    bmpHead                                  0x20000058   Data           4  bmpdecode.o(.data)
    timeStr                                  0x2000005c   Data          10  calendar.o(.data)
    dateStr                                  0x20000066   Data          12  calendar.o(.data)
    hour                                     0x20000072   Data           1  calendar.o(.data)
    minute                                   0x20000073   Data           1  calendar.o(.data)
    second                                   0x20000074   Data           1  calendar.o(.data)
    year                                     0x20000076   Data           2  calendar.o(.data)
    month                                    0x20000078   Data           1  calendar.o(.data)
    day                                      0x20000079   Data           1  calendar.o(.data)
    timeButtonPos                            0x20000080   Data          10  time.o(.data)
    yearStr                                  0x2000008a   Data           5  time.o(.data)
    monthStr                                 0x2000008f   Data           3  time.o(.data)
    dayStr                                   0x20000092   Data           3  time.o(.data)
    hourStr                                  0x20000095   Data           3  time.o(.data)
    minuteStr                                0x20000098   Data           3  time.o(.data)
    currIndex                                0x2000009c   Data           4  music.o(.data)
    currFile                                 0x200000a0   Data          40  music.o(.data)
    play                                     0x200000c8   Data           1  music.o(.data)
    freshPlayTime                            0x200000c9   Data           1  music.o(.data)
    volume                                   0x200000ca   Data           1  music.o(.data)
    task1                                    0x200000cc   Data           4  music.o(.data)
    task2                                    0x200000d0   Data           4  music.o(.data)
    semaphore                                0x200000d4   Data           8  music.o(.data)
    os_tsk                                   0x200000dc   Data           8  rt_task.o(.data)
    os_time                                  0x200000e8   Data           2  rt_time.o(.data)
    dbg_msg                                  0x200000ea   Data           1  hal_cm3.o(.data)
    os_tmr                                   0x200000ec   Data           8  rt_timer.o(.data)
    os_robin                                 0x200000f4   Data           8  rt_robin.o(.data)
    musicFile                                0x20000100   Data        4040  explorer.o(.bss)
    photoFile                                0x200010c8   Data        4040  explorer.o(.bss)
    bookFile                                 0x20002090   Data        4040  explorer.o(.bss)
    mp_tcb                                   0x20003158   Data         204  rtx_confg.o(.bss)
    mp_stk                                   0x20003228   Data       20496  rtx_confg.o(.bss)
    os_fifo                                  0x20008238   Data         132  rtx_confg.o(.bss)
    os_active_TCB                            0x200082bc   Data          16  rtx_confg.o(.bss)
    penConfig                                0x200082cc   Data          12  touch.o(.bss)
    SDIO_InitStructure                       0x200084f8   Data          24  sdcard.o(.bss)
    SDIO_CmdInitStructure                    0x20008510   Data          20  sdcard.o(.bss)
    SDIO_DataInitStructure                   0x20008524   Data          24  sdcard.o(.bss)
    buf                                      0x2000853c   Data        8000  bmpdecode.o(.bss)
    fs                                       0x2000a47c   Data         558  bmpdecode.o(.bss)
    file                                     0x2000a6aa   Data         548  bmpdecode.o(.bss)
    text                                     0x2000a8d0   Data         602  book.o(.bss)
    os_idle_TCB                              0x2000acbc   Data          48  rt_task.o(.bss)
    os_rdy                                   0x2000acec   Data          24  rt_list.o(.bss)
    os_dly                                   0x2000ad04   Data          24  rt_list.o(.bss)
    __initial_sp                             0x2000cd20   Data           0  startup_stm32f10x_hd.o(STACK)



==============================================================================

Memory Map of the image

  Image Entry point : 0x08000131

  Load Region LR_IROM1 (Base: 0x08000000, Size: 0x000358ac, Max: 0x00080000, ABSOLUTE)

    Execution Region ER_IROM1 (Base: 0x08000000, Size: 0x000357ac, Max: 0x00080000, ABSOLUTE)

    Base Addr    Size         Type   Attr      Idx    E Section Name        Object

    0x08000000   0x00000130   Data   RO            3    RESET               startup_stm32f10x_hd.o
    0x08000130   0x00000000   Code   RO         4865  * .ARM.Collect$$$$00000000  mc_w.l(entry.o)
    0x08000130   0x00000004   Code   RO         4914    .ARM.Collect$$$$00000001  mc_w.l(entry2.o)
    0x08000134   0x00000004   Code   RO         4917    .ARM.Collect$$$$00000004  mc_w.l(entry5.o)
    0x08000138   0x00000000   Code   RO         4919    .ARM.Collect$$$$00000008  mc_w.l(entry7b.o)
    0x08000138   0x00000008   Code   RO         4920    .ARM.Collect$$$$00000009  mc_w.l(entry8.o)
    0x08000140   0x00000004   Code   RO         4915    .ARM.Collect$$$$00002712  mc_w.l(entry2.o)
    0x08000144   0x0000014c   Code   RO         4530    .emb_text           RTX_CM3.LIB(hal_cm3.o)
    0x08000290   0x00000024   Code   RO            4    .text               startup_stm32f10x_hd.o
    0x080002b4   0x0000000c   Code   RO         4868    .text               mc_w.l(tolower.o)
    0x080002c0   0x00000008   Code   RO         4870    .text               mc_w.l(siabs.o)
    0x080002c8   0x00000024   Code   RO         4874    .text               mc_w.l(memcpya.o)
    0x080002ec   0x00000026   Code   RO         4876    .text               mc_w.l(memseta.o)
    0x08000312   0x0000001c   Code   RO         4878    .text               mc_w.l(strcat.o)
    0x0800032e   0x0000002c   Code   RO         4880    .text               mc_w.l(strstr.o)
    0x0800035a   0x00000010   Code   RO         4882    .text               mc_w.l(strlen.o)
    0x0800036a   0x0000001c   Code   RO         4884    .text               mc_w.l(strcmp.o)
    0x08000386   0x00000012   Code   RO         4886    .text               mc_w.l(strcpy.o)
    0x08000398   0x000000b0   Code   RO         4890    .text               mf_w.l(fadd.o)
    0x08000448   0x0000006c   Code   RO         4892    .text               mf_w.l(fmul.o)
    0x080004b4   0x00000080   Code   RO         4894    .text               mf_w.l(fdiv.o)
    0x08000534   0x00000012   Code   RO         4896    .text               mf_w.l(fflti.o)
    0x08000546   0x0000000a   Code   RO         4898    .text               mf_w.l(ffltui.o)
    0x08000550   0x0000001a   Code   RO         4900    .text               mf_w.l(dfltui.o)
    0x0800056a   0x00000032   Code   RO         4902    .text               mf_w.l(ffixi.o)
    0x0800059c   0x00000028   Code   RO         4904    .text               mf_w.l(ffixui.o)
    0x080005c4   0x0000002e   Code   RO         4906    .text               mf_w.l(dfixui.o)
    0x080005f2   0x0000002c   Code   RO         4908    .text               mf_w.l(f2d.o)
    0x0800061e   0x00000002   PAD
    0x08000620   0x00000028   Code   RO         4910    .text               mf_w.l(cdcmple.o)
    0x08000648   0x00000028   Code   RO         4912    .text               mf_w.l(cdrcmple.o)
    0x08000670   0x00000020   Code   RO         4921    .text               mc_w.l(llushr.o)
    0x08000690   0x00000000   Code   RO         4930    .text               mc_w.l(iusefp.o)
    0x08000690   0x0000006c   Code   RO         4931    .text               mf_w.l(fepilogue.o)
    0x080006fc   0x000000be   Code   RO         4933    .text               mf_w.l(depilogue.o)
    0x080007ba   0x000000a2   Code   RO         4935    .text               mf_w.l(dsqrt.o)
    0x0800085c   0x00000024   Code   RO         4937    .text               mc_w.l(init.o)
    0x08000880   0x0000001e   Code   RO         4939    .text               mc_w.l(llshl.o)
    0x0800089e   0x00000002   PAD
    0x080008a0   0x00000004   Code   RO         4854    SVC_TABLE           RTX_CM3.LIB(SVC_Table.o)
    0x080008a4   0x00000016   Code   RO          139    i.ADC_Cmd           stm32f10x_adc.o
    0x080008ba   0x00000002   PAD
    0x080008bc   0x0000009c   Code   RO         3266    i.ADC_Configuration  backlight.o
    0x08000958   0x00000014   Code   RO          147    i.ADC_GetCalibrationStatus  stm32f10x_adc.o
    0x0800096c   0x00000008   Code   RO          148    i.ADC_GetConversionValue  stm32f10x_adc.o
    0x08000974   0x00000012   Code   RO          150    i.ADC_GetFlagStatus  stm32f10x_adc.o
    0x08000986   0x00000014   Code   RO          153    i.ADC_GetResetCalibrationStatus  stm32f10x_adc.o
    0x0800099a   0x00000002   PAD
    0x0800099c   0x00000050   Code   RO          157    i.ADC_Init          stm32f10x_adc.o
    0x080009ec   0x000000b8   Code   RO          161    i.ADC_RegularChannelConfig  stm32f10x_adc.o
    0x08000aa4   0x0000000a   Code   RO          162    i.ADC_ResetCalibration  stm32f10x_adc.o
    0x08000aae   0x00000016   Code   RO          164    i.ADC_SoftwareStartConvCmd  stm32f10x_adc.o
    0x08000ac4   0x0000000a   Code   RO          166    i.ADC_StartCalibration  stm32f10x_adc.o
    0x08000ace   0x00000002   PAD
    0x08000ad0   0x000000f8   Code   RO         4004    i.AutoShowImage     bmpdecode.o
    0x08000bc8   0x00000010   Code   RO          357    i.BKP_DeInit        stm32f10x_bkp.o
    0x08000bd8   0x00000010   Code   RO          362    i.BKP_ReadBackupRegister  stm32f10x_bkp.o
    0x08000be8   0x00000010   Code   RO          366    i.BKP_WriteBackupRegister  stm32f10x_bkp.o
    0x08000bf8   0x00000044   Code   RO         3267    i.BackLight_Init    backlight.o
    0x08000c3c   0x0000014c   Code   RO         4322    i.BookApp           book.o
    0x08000d88   0x00000004   Code   RO         2731    i.BusFault_Handler  stm32f10x_it.o
    0x08000d8c   0x000000ac   Code   RO         4242    i.CalBitRate        music.o
    0x08000e38   0x0000003e   Code   RO         4243    i.CalHeaderLen      music.o
    0x08000e76   0x0000003a   Code   RO         4046    i.Calendar_Init     calendar.o
    0x08000eb0   0x00000074   Code   RO         2970    i.CheckProperty     explorer.o
    0x08000f24   0x0000002c   Code   RO         3801    i.CmdError          sdcard.o
    0x08000f50   0x00000130   Code   RO         3802    i.CmdResp1Error     sdcard.o
    0x08001080   0x00000048   Code   RO         3803    i.CmdResp2Error     sdcard.o
    0x080010c8   0x00000038   Code   RO         3804    i.CmdResp3Error     sdcard.o
    0x08001100   0x0000009c   Code   RO         3805    i.CmdResp6Error     sdcard.o
    0x0800119c   0x0000004c   Code   RO         3806    i.CmdResp7Error     sdcard.o
    0x080011e8   0x0000001c   Code   RO          535    i.DMA_ClearFlag     stm32f10x_dma.o
    0x08001204   0x00000018   Code   RO          537    i.DMA_Cmd           stm32f10x_dma.o
    0x0800121c   0x0000002c   Code   RO          540    i.DMA_GetFlagStatus  stm32f10x_dma.o
    0x08001248   0x0000003c   Code   RO          543    i.DMA_Init          stm32f10x_dma.o
    0x08001284   0x00000064   Code   RO         3807    i.DMA_RxConfiguration  sdcard.o
    0x080012e8   0x00000064   Code   RO         3808    i.DMA_TxConfiguration  sdcard.o
    0x0800134c   0x00000002   Code   RO         2732    i.DebugMon_Handler  stm32f10x_it.o
    0x0800134e   0x00000002   PAD
    0x08001350   0x00000018   Code   RO         2807    i.DelayMS           delay.o
    0x08001368   0x0000000c   Code   RO         2808    i.Delay_Init        delay.o
    0x08001374   0x00000016   Code   RO         2733    i.EXTI15_10_IRQHandler  stm32f10x_it.o
    0x0800138a   0x00000002   PAD
    0x0800138c   0x00000064   Code   RO         2734    i.EXTI9_5_IRQHandler  stm32f10x_it.o
    0x080013f0   0x00000016   Code   RO         2636    i.EXTIConfig_Init   main.o
    0x08001406   0x00000002   PAD
    0x08001408   0x0000000c   Code   RO          608    i.EXTI_ClearITPendingBit  stm32f10x_exti.o
    0x08001414   0x00000036   Code   RO         3320    i.EXTI_Configuration  touch.o
    0x0800144a   0x00000002   PAD
    0x0800144c   0x00000028   Code   RO          612    i.EXTI_GetITStatus  stm32f10x_exti.o
    0x08001474   0x00000094   Code   RO          613    i.EXTI_Init         stm32f10x_exti.o
    0x08001508   0x00000032   Code   RO         2940    i.EXTI_KeyConfiguration  key.o
    0x0800153a   0x00000002   PAD
    0x0800153c   0x00000034   Code   RO         2846    i.Eeprom_Init       eeprom.o
    0x08001570   0x00000034   Code   RO          846    i.FSMC_NORSRAMCmd   stm32f10x_fsmc.o
    0x080015a4   0x000000e0   Code   RO          848    i.FSMC_NORSRAMInit  stm32f10x_fsmc.o
    0x08001684   0x00000144   Code   RO         2971    i.FileCheck         explorer.o
    0x080017c8   0x00000310   Code   RO         2972    i.FileExplorer      explorer.o
    0x08001ad8   0x0000004c   Code   RO         2916    i.FillName          lib.o
    0x08001b24   0x000000c0   Code   RO         3810    i.GPIO_Configuration  sdcard.o
    0x08001be4   0x00000040   Code   RO          958    i.GPIO_EXTILineConfig  stm32f10x_gpio.o
    0x08001c24   0x00000112   Code   RO          961    i.GPIO_Init         stm32f10x_gpio.o
    0x08001d36   0x00000002   PAD
    0x08001d38   0x00000044   Code   RO         2941    i.GPIO_KeyConfiguration  key.o
    0x08001d7c   0x00000012   Code   RO          965    i.GPIO_ReadInputDataBit  stm32f10x_gpio.o
    0x08001d8e   0x00000004   Code   RO          968    i.GPIO_ResetBits    stm32f10x_gpio.o
    0x08001d92   0x00000004   Code   RO          969    i.GPIO_SetBits      stm32f10x_gpio.o
    0x08001d96   0x00000014   Code   RO         3268    i.GetAutoSet        backlight.o
    0x08001daa   0x0000001e   Code   RO         3269    i.GetBackLight      backlight.o
    0x08001dc8   0x00000080   Code   RO         2973    i.GetExplorerIndex  explorer.o
    0x08001e48   0x00000028   Code   RO         4244    i.GetIndex          music.o
    0x08001e70   0x00000028   Code   RO         3270    i.GetLightValue     backlight.o
    0x08001e98   0x00000060   Code   RO         2637    i.GetMainIndex      main.o
    0x08001ef8   0x0000016c   Code   RO         4107    i.GetTimeIndex      time.o
    0x08002064   0x0000008c   Code   RO         3321    i.GetTouchPoint     touch.o
    0x080020f0   0x000000dc   Code   RO         3322    i.GetTouchValue     touch.o
    0x080021cc   0x00000022   Code   RO         4245    i.GetVolume         music.o
    0x080021ee   0x00000002   PAD
    0x080021f0   0x00000168   Code   RO         4047    i.Get_Date          calendar.o
    0x08002358   0x000000d0   Code   RO         4048    i.Get_Time          calendar.o
    0x08002428   0x00000004   Code   RO         2735    i.HardFault_Handler  stm32f10x_it.o
    0x0800242c   0x00000038   Code   RO         2847    i.I2C_Ack           eeprom.o
    0x08002464   0x00000038   Code   RO         2848    i.I2C_NoAck         eeprom.o
    0x0800249c   0x00000082   Code   RO         2849    i.I2C_ReadByte      eeprom.o
    0x0800251e   0x00000002   PAD
    0x08002520   0x00000054   Code   RO         2850    i.I2C_ReceiveByte   eeprom.o
    0x08002574   0x00000058   Code   RO         2851    i.I2C_SendByte      eeprom.o
    0x080025cc   0x00000054   Code   RO         2852    i.I2C_Start         eeprom.o
    0x08002620   0x00000038   Code   RO         2853    i.I2C_Stop          eeprom.o
    0x08002658   0x0000004c   Code   RO         2854    i.I2C_WaitAck       eeprom.o
    0x080026a4   0x00000054   Code   RO         2855    i.I2C_WriteByte     eeprom.o
    0x080026f8   0x0000000e   Code   RO         2856    i.I2C_delay         eeprom.o
    0x08002706   0x00000002   PAD
    0x08002708   0x00000168   Code   RO         3811    i.IsCardProgramming  sdcard.o
    0x08002870   0x00000038   Code   RO         3323    i.IsInRect          touch.o
    0x080028a8   0x000002a0   Code   RO         3324    i.IsOk              touch.o
    0x08002b48   0x0000003a   Code   RO         4049    i.Is_Leap_Year      calendar.o
    0x08002b82   0x00000010   Code   RO         2942    i.Key_Init          key.o
    0x08002b92   0x00000002   PAD
    0x08002b94   0x0000002c   Code   RO         3098    i.LCD_Clear         tft_lcd.o
    0x08002bc0   0x00000070   Code   RO         3100    i.LCD_CtrlLinesConfig  tft_lcd.o
    0x08002c30   0x00000094   Code   RO         3103    i.LCD_DisplayString  tft_lcd.o
    0x08002cc4   0x000000e4   Code   RO         3104    i.LCD_DrawChar      tft_lcd.o
    0x08002da8   0x00000100   Code   RO         3105    i.LCD_DrawCircle    tft_lcd.o
    0x08002ea8   0x0000005c   Code   RO         3106    i.LCD_DrawLine      tft_lcd.o
    0x08002f04   0x00000040   Code   RO         3109    i.LCD_DrawRect      tft_lcd.o
    0x08002f44   0x0000005c   Code   RO         3110    i.LCD_FSMCConfig    tft_lcd.o
    0x08002fa0   0x00000044   Code   RO         3111    i.LCD_FillRect      tft_lcd.o
    0x08002fe4   0x000002e6   Code   RO         3112    i.LCD_Init          tft_lcd.o
    0x080032ca   0x00000002   PAD
    0x080032cc   0x0000000c   Code   RO         3115    i.LCD_SetBackColor  tft_lcd.o
    0x080032d8   0x00000022   Code   RO         3116    i.LCD_SetCursor     tft_lcd.o
    0x080032fa   0x00000002   PAD
    0x080032fc   0x0000000c   Code   RO         3118    i.LCD_SetTextColor  tft_lcd.o
    0x08003308   0x00000008   Code   RO         3122    i.LCD_WriteRAM      tft_lcd.o
    0x08003310   0x0000000c   Code   RO         3123    i.LCD_WriteRAM_Prepare  tft_lcd.o
    0x0800331c   0x0000000a   Code   RO         3124    i.LCD_WriteReg      tft_lcd.o
    0x08003326   0x00000002   PAD
    0x08003328   0x000000fc   Code   RO         4246    i.LoadGUI           music.o
    0x08003424   0x00000060   Code   RO         2638    i.MainApp           main.o
    0x08003484   0x00000004   Code   RO         2736    i.MemManage_Handler  stm32f10x_it.o
    0x08003488   0x000001f0   Code   RO         4247    i.MusicApp          music.o
    0x08003678   0x000001c0   Code   RO         4248    i.MusicPlay         music.o
    0x08003838   0x00000002   Code   RO         2737    i.NMI_Handler       stm32f10x_it.o
    0x0800383a   0x00000002   PAD
    0x0800383c   0x00000074   Code   RO           10    i.NVIC_Init         misc.o
    0x080038b0   0x0000002c   Code   RO         2943    i.NVIC_KeyConfiguration  key.o
    0x080038dc   0x00000014   Code   RO           11    i.NVIC_PriorityGroupConfig  misc.o
    0x080038f0   0x00000020   Code   RO         4050    i.NVIC_RTCConfiguration  calendar.o
    0x08003910   0x0000001e   Code   RO         3446    i.NVIC_SDIOConfiguration  sdio.o
    0x0800392e   0x00000002   PAD
    0x08003930   0x00000014   Code   RO           12    i.NVIC_SetVectorTable  misc.o
    0x08003944   0x00000020   Code   RO         2809    i.NVIC_TIM2Configuration  delay.o
    0x08003964   0x00000020   Code   RO         3325    i.NVIC_TouchConfiguration  touch.o
    0x08003984   0x0000000c   Code   RO         1111    i.PWR_BackupAccessCmd  stm32f10x_pwr.o
    0x08003990   0x00000024   Code   RO         3326    i.Pen_Int_Set       touch.o
    0x080039b4   0x00000098   Code   RO         4032    i.PhotoApp          photo.o
    0x08003a4c   0x00000018   Code   RO         1171    i.RCC_ADCCLKConfig  stm32f10x_rcc.o
    0x08003a64   0x00000020   Code   RO         1172    i.RCC_AHBPeriphClockCmd  stm32f10x_rcc.o
    0x08003a84   0x00000020   Code   RO         1173    i.RCC_APB1PeriphClockCmd  stm32f10x_rcc.o
    0x08003aa4   0x00000020   Code   RO         1174    i.RCC_APB1PeriphResetCmd  stm32f10x_rcc.o
    0x08003ac4   0x00000020   Code   RO         1175    i.RCC_APB2PeriphClockCmd  stm32f10x_rcc.o
    0x08003ae4   0x00000020   Code   RO         1176    i.RCC_APB2PeriphResetCmd  stm32f10x_rcc.o
    0x08003b04   0x0000000c   Code   RO         1178    i.RCC_BackupResetCmd  stm32f10x_rcc.o
    0x08003b10   0x00000014   Code   RO         1179    i.RCC_ClearFlag     stm32f10x_rcc.o
    0x08003b24   0x0000003c   Code   RO         1184    i.RCC_GetFlagStatus  stm32f10x_rcc.o
    0x08003b60   0x00000034   Code   RO         1191    i.RCC_LSEConfig     stm32f10x_rcc.o
    0x08003b94   0x0000000c   Code   RO         1198    i.RCC_RTCCLKCmd     stm32f10x_rcc.o
    0x08003ba0   0x00000010   Code   RO         1199    i.RCC_RTCCLKConfig  stm32f10x_rcc.o
    0x08003bb0   0x00000014   Code   RO         1372    i.RTC_ClearITPendingBit  stm32f10x_rtc.o
    0x08003bc4   0x00000058   Code   RO         4051    i.RTC_Configuration  calendar.o
    0x08003c1c   0x00000014   Code   RO         1373    i.RTC_EnterConfigMode  stm32f10x_rtc.o
    0x08003c30   0x00000014   Code   RO         1374    i.RTC_ExitConfigMode  stm32f10x_rtc.o
    0x08003c44   0x00000014   Code   RO         1375    i.RTC_GetCounter    stm32f10x_rtc.o
    0x08003c58   0x00000024   Code   RO         1378    i.RTC_GetITStatus   stm32f10x_rtc.o
    0x08003c7c   0x00000038   Code   RO         2738    i.RTC_IRQHandler    stm32f10x_it.o
    0x08003cb4   0x00000024   Code   RO         1379    i.RTC_ITConfig      stm32f10x_rtc.o
    0x08003cd8   0x0000001c   Code   RO         1381    i.RTC_SetCounter    stm32f10x_rtc.o
    0x08003cf4   0x00000020   Code   RO         1382    i.RTC_SetPrescaler  stm32f10x_rtc.o
    0x08003d14   0x00000014   Code   RO         1383    i.RTC_WaitForLastTask  stm32f10x_rtc.o
    0x08003d28   0x00000020   Code   RO         1384    i.RTC_WaitForSynchro  stm32f10x_rtc.o
    0x08003d48   0x0000000c   Code   RO         1462    i.SDIO_ClearFlag    stm32f10x_sdio.o
    0x08003d54   0x0000000c   Code   RO         1463    i.SDIO_ClearITPendingBit  stm32f10x_sdio.o
    0x08003d60   0x0000000c   Code   RO         1464    i.SDIO_ClockCmd     stm32f10x_sdio.o
    0x08003d6c   0x0000000c   Code   RO         1467    i.SDIO_DMACmd       stm32f10x_sdio.o
    0x08003d78   0x00000030   Code   RO         1468    i.SDIO_DataConfig   stm32f10x_sdio.o
    0x08003da8   0x00000024   Code   RO         1470    i.SDIO_DeInit       stm32f10x_sdio.o
    0x08003dcc   0x0000000c   Code   RO         1471    i.SDIO_GetCommandResponse  stm32f10x_sdio.o
    0x08003dd8   0x00000018   Code   RO         1474    i.SDIO_GetFlagStatus  stm32f10x_sdio.o
    0x08003df0   0x00000018   Code   RO         1475    i.SDIO_GetITStatus  stm32f10x_sdio.o
    0x08003e08   0x00000010   Code   RO         1476    i.SDIO_GetPowerState  stm32f10x_sdio.o
    0x08003e18   0x00000010   Code   RO         1477    i.SDIO_GetResponse  stm32f10x_sdio.o
    0x08003e28   0x00000008   Code   RO         2739    i.SDIO_IRQHandler   stm32f10x_it.o
    0x08003e30   0x00000020   Code   RO         1478    i.SDIO_ITConfig     stm32f10x_sdio.o
    0x08003e50   0x00000030   Code   RO         1479    i.SDIO_Init         stm32f10x_sdio.o
    0x08003e80   0x0000000c   Code   RO         1480    i.SDIO_ReadData     stm32f10x_sdio.o
    0x08003e8c   0x0000002c   Code   RO         1482    i.SDIO_SendCommand  stm32f10x_sdio.o
    0x08003eb8   0x0000001c   Code   RO         1484    i.SDIO_SetPowerState  stm32f10x_sdio.o
    0x08003ed4   0x0000000c   Code   RO         1490    i.SDIO_WriteData    stm32f10x_sdio.o
    0x08003ee0   0x0000030c   Code   RO         3815    i.SD_GetCardInfo    sdcard.o
    0x080041ec   0x00000058   Code   RO         3817    i.SD_Init           sdcard.o
    0x08004244   0x00000140   Code   RO         3818    i.SD_InitializeCards  sdcard.o
    0x08004384   0x00000190   Code   RO         3820    i.SD_PowerON        sdcard.o
    0x08004514   0x00000248   Code   RO         3821    i.SD_ProcessIRQSrc  sdcard.o
    0x0800475c   0x00000268   Code   RO         3822    i.SD_ReadBlock      sdcard.o
    0x080049c4   0x000002fc   Code   RO         3823    i.SD_ReadMultiBlocks  sdcard.o
    0x08004cc0   0x00000034   Code   RO         3824    i.SD_SelectDeselect  sdcard.o
    0x08004cf4   0x0000001c   Code   RO         3827    i.SD_SetDeviceMode  sdcard.o
    0x08004d10   0x00000034   Code   RO         3828    i.SD_StopTransfer   sdcard.o
    0x08004d44   0x00000378   Code   RO         3829    i.SD_WriteBlock     sdcard.o
    0x080050bc   0x000003fc   Code   RO         3830    i.SD_WriteMultiBlocks  sdcard.o
    0x080054b8   0x00000018   Code   RO         1652    i.SPI_Cmd           stm32f10x_spi.o
    0x080054d0   0x00000012   Code   RO         1660    i.SPI_I2S_GetFlagStatus  stm32f10x_spi.o
    0x080054e2   0x00000006   Code   RO         1663    i.SPI_I2S_ReceiveData  stm32f10x_spi.o
    0x080054e8   0x00000004   Code   RO         1664    i.SPI_I2S_SendData  stm32f10x_spi.o
    0x080054ec   0x0000003c   Code   RO         1665    i.SPI_Init          stm32f10x_spi.o
    0x08005528   0x000000e0   Code   RO         3327    i.SPI_TouchConfiguration  touch.o
    0x08005608   0x0000003c   Code   RO         3328    i.SPI_WriteByte     touch.o
    0x08005644   0x00000024   Code   RO         3271    i.SaveBackLight     backlight.o
    0x08005668   0x00000032   Code   RO         4249    i.SaveIndex         music.o
    0x0800569a   0x0000001a   Code   RO         4250    i.SaveVolume        music.o
    0x080056b4   0x000000f8   Code   RO         3272    i.SetBackLight      backlight.o
    0x080057ac   0x00000008   Code   RO         2583    i.SetSysClock       system_stm32f10x.o
    0x080057b4   0x000000c8   Code   RO         2584    i.SetSysClockTo72   system_stm32f10x.o
    0x0800587c   0x0000003a   Code   RO         4251    i.SetVolume         music.o
    0x080058b6   0x00000002   PAD
    0x080058b8   0x000000e8   Code   RO         4052    i.Set_Counter       calendar.o
    0x080059a0   0x000001ac   Code   RO         3059    i.SettingApp        setting.o
    0x08005b4c   0x00000034   Code   RO         3060    i.ShowBackLightBar  setting.o
    0x08005b80   0x00000284   Code   RO         4005    i.ShowBigImage      bmpdecode.o
    0x08005e04   0x0000019c   Code   RO         4006    i.ShowImage         bmpdecode.o
    0x08005fa0   0x000000a8   Code   RO         2639    i.ShowMainMenu      main.o
    0x08006048   0x000000a8   Code   RO         4323    i.ShowPage          book.o
    0x080060f0   0x0000012c   Code   RO         4252    i.ShowTime          music.o
    0x0800621c   0x00000040   Code   RO         4053    i.Show_Calendar     calendar.o
    0x0800625c   0x0000000c   Code   RO         3329    i.SpiDelay          touch.o
    0x08006268   0x00000060   Code   RO         2586    i.SystemInit        system_stm32f10x.o
    0x080062c8   0x00000024   Code   RO         2810    i.TIM2_IRQHandler   delay.o
    0x080062ec   0x00000018   Code   RO         1795    i.TIM_ARRPreloadConfig  stm32f10x_tim.o
    0x08006304   0x00000006   Code   RO         1802    i.TIM_ClearITPendingBit  stm32f10x_tim.o
    0x0800630a   0x00000018   Code   RO         1807    i.TIM_Cmd           stm32f10x_tim.o
    0x08006322   0x00000002   PAD
    0x08006324   0x000001e8   Code   RO         1812    i.TIM_DeInit        stm32f10x_tim.o
    0x0800650c   0x00000022   Code   RO         1828    i.TIM_GetITStatus   stm32f10x_tim.o
    0x0800652e   0x00000018   Code   RO         1832    i.TIM_ITConfig      stm32f10x_tim.o
    0x08006546   0x00000002   PAD
    0x08006548   0x00000074   Code   RO         1851    i.TIM_OC4Init       stm32f10x_tim.o
    0x080065bc   0x00000016   Code   RO         1853    i.TIM_OC4PreloadConfig  stm32f10x_tim.o
    0x080065d2   0x00000002   PAD
    0x080065d4   0x000000a4   Code   RO         1878    i.TIM_TimeBaseInit  stm32f10x_tim.o
    0x08006678   0x00000092   Code   RO         3330    i.TPReadX           touch.o
    0x0800670a   0x00000092   Code   RO         3331    i.TPReadY           touch.o
    0x0800679c   0x000001a4   Code   RO         4108    i.TimeApp           time.o
    0x08006940   0x00000240   Code   RO         4109    i.TimeClick         time.o
    0x08006b80   0x00000050   Code   RO         2811    i.Timer2_Configuration  delay.o
    0x08006bd0   0x00000050   Code   RO         3332    i.TouchReadX        touch.o
    0x08006c20   0x00000050   Code   RO         3333    i.TouchReadY        touch.o
    0x08006c70   0x0000001e   Code   RO         3334    i.Touch_Init        touch.o
    0x08006c8e   0x00000004   Code   RO         2740    i.UsageFault_Handler  stm32f10x_it.o
    0x08006c92   0x0000000a   Code   RO         4135    i.VS1003_GetDecodeTime  vs1003.o
    0x08006c9c   0x000000cc   Code   RO         4137    i.VS1003_Init       vs1003.o
    0x08006d68   0x00000068   Code   RO         4139    i.VS1003_ReadReg    vs1003.o
    0x08006dd0   0x00000040   Code   RO         4141    i.VS1003_Reset      vs1003.o
    0x08006e10   0x00000014   Code   RO         4142    i.VS1003_ResetDecodeTime  vs1003.o
    0x08006e24   0x0000005c   Code   RO         4143    i.VS1003_SPI_Init   vs1003.o
    0x08006e80   0x00000038   Code   RO         4144    i.VS1003_SPI_ReadWriteByte  vs1003.o
    0x08006eb8   0x00000058   Code   RO         4145    i.VS1003_SPI_SetSpeed  vs1003.o
    0x08006f10   0x00000044   Code   RO         4147    i.VS1003_SetVol     vs1003.o
    0x08006f54   0x000000f0   Code   RO         4149    i.VS1003_SoftReset  vs1003.o
    0x08007044   0x00000040   Code   RO         4150    i.VS1003_WriteData  vs1003.o
    0x08007084   0x00000060   Code   RO         4151    i.VS1003_WriteReg   vs1003.o
    0x080070e4   0x0000000e   Code   RO         4943    i.__scatterload_copy  mc_w.l(handlers.o)
    0x080070f2   0x00000002   Code   RO         4944    i.__scatterload_null  mc_w.l(handlers.o)
    0x080070f4   0x0000000e   Code   RO         4945    i.__scatterload_zeroinit  mc_w.l(handlers.o)
    0x08007102   0x00000002   PAD
    0x08007104   0x0000000c   Code   RO         4925    i.__set_errno       mc_w.l(errno.o)
    0x08007110   0x00000046   Code   RO         4825    i._init_box         RTX_CM3.LIB(rt_membox.o)
    0x08007156   0x00000002   PAD
    0x08007158   0x00000054   Code   RO         3512    i.check_fs          ff.o
    0x080071ac   0x00000014   Code   RO         3513    i.chk_chr           ff.o
    0x080071c0   0x000002a0   Code   RO         3514    i.chk_mounted       ff.o
    0x08007460   0x0000001e   Code   RO         3515    i.clust2sect        ff.o
    0x0800747e   0x00000002   PAD
    0x08007480   0x00000080   Code   RO         3516    i.cmp_lfn           ff.o
    0x08007500   0x00000012   Code   RO         3831    i.convert_from_bytes_to_power_of_two  sdcard.o
    0x08007512   0x000000c8   Code   RO         3517    i.create_chain      ff.o
    0x080075da   0x00000002   PAD
    0x080075dc   0x00000268   Code   RO         3518    i.create_name       ff.o
    0x08007844   0x00000030   Code   RO         4531    i.dbg_init          RTX_CM3.LIB(hal_cm3.o)
    0x08007874   0x00000020   Code   RO         4532    i.dbg_task_notify   RTX_CM3.LIB(hal_cm3.o)
    0x08007894   0x00000010   Code   RO         4533    i.dbg_task_switch   RTX_CM3.LIB(hal_cm3.o)
    0x080078a4   0x000000de   Code   RO         3519    i.dir_find          ff.o
    0x08007982   0x0000011e   Code   RO         3520    i.dir_next          ff.o
    0x08007aa0   0x000000be   Code   RO         3521    i.dir_read          ff.o
    0x08007b5e   0x0000018c   Code   RO         3522    i.dir_register      ff.o
    0x08007cea   0x000000a4   Code   RO         3524    i.dir_sdi           ff.o
    0x08007d8e   0x00000044   Code   RO         3461    i.disk_initialize   diskio.o
    0x08007dd2   0x00000006   Code   RO         3462    i.disk_ioctl        diskio.o
    0x08007dd8   0x0000003e   Code   RO         3463    i.disk_read         diskio.o
    0x08007e16   0x00000006   Code   RO         3464    i.disk_status       diskio.o
    0x08007e1c   0x0000003e   Code   RO         3465    i.disk_write        diskio.o
    0x08007e5a   0x00000016   Code   RO         3526    i.f_close           ff.o
    0x08007e70   0x000001b2   Code   RO         3529    i.f_lseek           ff.o
    0x08008022   0x00000002   PAD
    0x08008024   0x00000040   Code   RO         3531    i.f_mount           ff.o
    0x08008064   0x00000128   Code   RO         3532    i.f_open            ff.o
    0x0800818c   0x00000064   Code   RO         3533    i.f_opendir         ff.o
    0x080081f0   0x000001c8   Code   RO         3537    i.f_read            ff.o
    0x080083b8   0x00000060   Code   RO         3538    i.f_readdir         ff.o
    0x08008418   0x0000008c   Code   RO         3541    i.f_sync            ff.o
    0x080084a4   0x0000007c   Code   RO         3984    i.ff_convert        cc936.o
    0x08008520   0x00000038   Code   RO         3985    i.ff_wtoupper       cc936.o
    0x08008558   0x00000060   Code   RO         3546    i.fit_lfn           ff.o
    0x080085b8   0x00000092   Code   RO         3547    i.follow_path       ff.o
    0x0800864a   0x000000bc   Code   RO         3548    i.gen_numname       ff.o
    0x08008706   0x00000002   PAD
    0x08008708   0x00000064   Code   RO         3335    i.get_adjdata       touch.o
    0x0800876c   0x000000da   Code   RO         3549    i.get_fat           ff.o
    0x08008846   0x00000004   Code   RO         3466    i.get_fattime       diskio.o
    0x0800884a   0x0000011e   Code   RO         3550    i.get_fileinfo      ff.o
    0x08008968   0x0000004c   Code   RO         2917    i.itoa              lib.o
    0x080089b4   0x00000054   Code   RO         2640    i.main              main.o
    0x08008a08   0x00000026   Code   RO         3551    i.mem_cmp           ff.o
    0x08008a2e   0x0000002e   Code   RO         3552    i.mem_cpy           ff.o
    0x08008a5c   0x00000014   Code   RO         3553    i.mem_set           ff.o
    0x08008a70   0x0000007c   Code   RO         3554    i.move_window       ff.o
    0x08008aec   0x00000004   Code   RO         3024    i.os_error          rtx_confg.o
    0x08008af0   0x00000004   Code   RO         3025    i.os_idle_demon     rtx_confg.o
    0x08008af4   0x00000002   Code   RO         3026    i.os_tmr_call       rtx_confg.o
    0x08008af6   0x00000002   PAD
    0x08008af8   0x00000068   Code   RO         3555    i.pick_lfn          ff.o
    0x08008b60   0x00000112   Code   RO         3556    i.put_fat           ff.o
    0x08008c72   0x00000072   Code   RO         3557    i.remove_chain      ff.o
    0x08008ce4   0x00000026   Code   RO         2918    i.reverse           lib.o
    0x08008d0a   0x00000002   PAD
    0x08008d0c   0x0000001c   Code   RO         4826    i.rt_alloc_box      RTX_CM3.LIB(rt_membox.o)
    0x08008d28   0x00000038   Code   RO         4345    i.rt_block          RTX_CM3.LIB(rt_task.o)
    0x08008d60   0x00000048   Code   RO         4803    i.rt_chk_robin      RTX_CM3.LIB(rt_robin.o)
    0x08008da8   0x00000074   Code   RO         4613    i.rt_dec_dly        RTX_CM3.LIB(rt_list.o)
    0x08008e1c   0x00000044   Code   RO         4346    i.rt_dispatch       RTX_CM3.LIB(rt_task.o)
    0x08008e60   0x00000006   Code   RO         4503    i.rt_dly_wait       RTX_CM3.LIB(rt_time.o)
    0x08008e66   0x00000002   PAD
    0x08008e68   0x0000004c   Code   RO         4574    i.rt_evt_psh        RTX_CM3.LIB(rt_event.o)
    0x08008eb4   0x00000020   Code   RO         4827    i.rt_free_box       RTX_CM3.LIB(rt_membox.o)
    0x08008ed4   0x00000028   Code   RO         4614    i.rt_get_first      RTX_CM3.LIB(rt_list.o)
    0x08008efc   0x00000044   Code   RO         4347    i.rt_init_context   RTX_CM3.LIB(rt_task.o)
    0x08008f40   0x00000018   Code   RO         4804    i.rt_init_robin     RTX_CM3.LIB(rt_robin.o)
    0x08008f58   0x00000050   Code   RO         4534    i.rt_init_stack     RTX_CM3.LIB(hal_cm3.o)
    0x08008fa8   0x000000c0   Code   RO         4696    i.rt_mbx_psh        RTX_CM3.LIB(rt_mailbox.o)
    0x08009068   0x00000078   Code   RO         4444    i.rt_pop_req        RTX_CM3.LIB(rt_system.o)
    0x080090e0   0x00000048   Code   RO         4617    i.rt_put_dly        RTX_CM3.LIB(rt_list.o)
    0x08009128   0x00000036   Code   RO         4618    i.rt_put_prio       RTX_CM3.LIB(rt_list.o)
    0x0800915e   0x00000002   PAD
    0x08009160   0x00000014   Code   RO         4619    i.rt_put_rdy_first  RTX_CM3.LIB(rt_list.o)
    0x08009174   0x00000028   Code   RO         4621    i.rt_rmv_dly        RTX_CM3.LIB(rt_list.o)
    0x0800919c   0x00000030   Code   RO         4622    i.rt_rmv_list       RTX_CM3.LIB(rt_list.o)
    0x080091cc   0x00000034   Code   RO         4742    i.rt_sem_psh        RTX_CM3.LIB(rt_semaphore.o)
    0x08009200   0x00000024   Code   RO         4446    i.rt_stk_check      RTX_CM3.LIB(rt_system.o)
    0x08009224   0x00000028   Code   RO         4348    i.rt_switch_req     RTX_CM3.LIB(rt_task.o)
    0x0800924c   0x00000140   Code   RO         4349    i.rt_sys_init       RTX_CM3.LIB(rt_task.o)
    0x0800938c   0x0000003c   Code   RO         4447    i.rt_systick        RTX_CM3.LIB(rt_system.o)
    0x080093c8   0x00000040   Code   RO         4778    i.rt_tmr_tick       RTX_CM3.LIB(rt_timer.o)
    0x08009408   0x00000090   Code   RO         4350    i.rt_tsk_create     RTX_CM3.LIB(rt_task.o)
    0x08009498   0x000000ac   Code   RO         4351    i.rt_tsk_delete     RTX_CM3.LIB(rt_task.o)
    0x08009544   0x00000028   Code   RO         4448    i.rt_tsk_lock       RTX_CM3.LIB(rt_system.o)
    0x0800956c   0x00000028   Code   RO         4449    i.rt_tsk_unlock     RTX_CM3.LIB(rt_system.o)
    0x08009594   0x000000d0   Code   RO         3336    i.save_adjdata      touch.o
    0x08009664   0x0000004c   Code   RO         4858    i.sqrt              m_ws.l(sqrt.o)
    0x080096b0   0x00000020   Code   RO         3558    i.sum_sfn           ff.o
    0x080096d0   0x00000080   Code   RO         3559    i.sync              ff.o
    0x08009750   0x000001e8   Code   RO         3337    i.touch_adjust      touch.o
    0x08009938   0x0000002a   Code   RO         3560    i.validate          ff.o
    0x08009962   0x00000002   PAD
    0x08009964   0x00000028   Data   RO         3028    .constdata          rtx_confg.o
    0x0800998c   0x00001000   Data   RO         3091    .constdata          asc16.o
    0x0800a98c   0x00000010   Data   RO         3339    .constdata          touch.o
    0x0800a99c   0x0000000d   Data   RO         3562    .constdata          ff.o
    0x0800a9a9   0x00000001   PAD
    0x0800a9aa   0x0002acc8   Data   RO         3986    .constdata          cc936.o
    0x08035672   0x00000002   PAD
    0x08035674   0x0000002e   Data   RO         4033    .constdata          photo.o
    0x080356a2   0x0000000d   Data   RO         4054    .constdata          calendar.o
    0x080356af   0x00000001   PAD
    0x080356b0   0x000000b4   Data   RO         4253    .constdata          music.o
    0x08035764   0x00000028   Data   RO         4325    .constdata          book.o
    0x0803578c   0x00000020   Data   RO         4941    Region$$Table       anon$$obj.o


    Execution Region RW_IRAM1 (Base: 0x20000000, Size: 0x0000cd20, Max: 0x00010000, ABSOLUTE)

    Base Addr    Size         Type   Attr      Idx    E Section Name        Object

    0x20000000   0x00000001   Data   RW         2641    .data               main.o
    0x20000001   0x00000003   Data   RW         2741    .data               stm32f10x_it.o
    0x20000004   0x00000004   Data   RW         2812    .data               delay.o
    0x20000008   0x00000003   Data   RW         2975    .data               explorer.o
    0x2000000b   0x00000001   PAD
    0x2000000c   0x00000004   Data   RW         3029    .data               rtx_confg.o
    0x20000010   0x00000005   Data   RW         3125    .data               tft_lcd.o
    0x20000015   0x00000002   Data   RW         3273    .data               backlight.o
    0x20000017   0x00000001   PAD
    0x20000018   0x00000006   Data   RW         3340    .data               touch.o
    0x2000001e   0x00000002   PAD
    0x20000020   0x00000008   Data   RW         3563    .data               ff.o
    0x20000028   0x00000028   Data   RW         3833    .data               sdcard.o
    0x20000050   0x0000000c   Data   RW         4008    .data               bmpdecode.o
    0x2000005c   0x00000024   Data   RW         4055    .data               calendar.o
    0x20000080   0x0000001b   Data   RW         4110    .data               time.o
    0x2000009b   0x00000001   PAD
    0x2000009c   0x00000040   Data   RW         4254    .data               music.o
    0x200000dc   0x00000008   Data   RW         4356    .data               RTX_CM3.LIB(rt_task.o)
    0x200000e4   0x00000003   Data   RW         4450    .data               RTX_CM3.LIB(rt_system.o)
    0x200000e7   0x00000001   PAD
    0x200000e8   0x00000002   Data   RW         4506    .data               RTX_CM3.LIB(rt_time.o)
    0x200000ea   0x00000001   Data   RW         4535    .data               RTX_CM3.LIB(hal_cm3.o)
    0x200000eb   0x00000001   PAD
    0x200000ec   0x00000008   Data   RW         4779    .data               RTX_CM3.LIB(rt_timer.o)
    0x200000f4   0x00000008   Data   RW         4805    .data               RTX_CM3.LIB(rt_robin.o)
    0x200000fc   0x00000004   Data   RW         4926    .data               mc_w.l(errno.o)
    0x20000100   0x00003058   Zero   RW         2974    .bss                explorer.o
    0x20003158   0x00005174   Zero   RW         3027    .bss                rtx_confg.o
    0x200082cc   0x0000000c   Zero   RW         3338    .bss                touch.o
    0x200082d8   0x00000200   Zero   RW         3561    .bss                ff.o
    0x200084d8   0x00000064   Zero   RW         3832    .bss                sdcard.o
    0x2000853c   0x00002392   Zero   RW         4007    .bss                bmpdecode.o
    0x2000a8ce   0x00000002   PAD
    0x2000a8d0   0x000003ec   Zero   RW         4324    .bss                book.o
    0x2000acbc   0x00000030   Zero   RW         4355    .bss                RTX_CM3.LIB(rt_task.o)
    0x2000acec   0x00000030   Zero   RW         4623    .bss                RTX_CM3.LIB(rt_list.o)
    0x2000ad1c   0x00000004   PAD
    0x2000ad20   0x00002000   Zero   RW            1    STACK               startup_stm32f10x_hd.o


==============================================================================

Image component sizes


      Code (inc. data)   RO Data    RW Data    ZI Data      Debug   Object Name

         0          0       4096          0          0        326   asc16.o
       598         42          0          2          0       3798   backlight.o
      1304         78          0         12       9106       4175   bmpdecode.o
       500         38         40          0       1004       2436   book.o
      1100         86         13         36          0       5153   calendar.o
       180         18     175304          0          0       1795   cc936.o
       184         10          0          4          0       2562   delay.o
       208          0          0          0          0      10060   diskio.o
       780         40          0          0          0       5551   eeprom.o
      1352        152          0          3      12376       8026   explorer.o
      6472         78         13          8        512      30704   ff.o
       178          4          0          0          0       1731   key.o
       190         16          0          0          0       1808   lib.o
       466         98          0          1          0       9390   main.o
       156         32          0          0          0     284865   misc.o
      1938        216        180         64          0      13455   music.o
       152         28         46          0          0        575   photo.o
        10          0         40          4      20852       8368   rtx_confg.o
      7070        398          0         40        100      21918   sdcard.o
        30          0          0          0          0        457   sdio.o
       480         44          0          0          0       4022   setting.o
        36          8        304          0       8192        760   startup_stm32f10x_hd.o
       394         10          0          0          0       7929   stm32f10x_adc.o
        48         10          0          0          0       2588   stm32f10x_bkp.o
       156         20          0          0          0       3861   stm32f10x_dma.o
       200         18          0          0          0       2084   stm32f10x_exti.o
       276          6          0          0          0       1801   stm32f10x_fsmc.o
       364          4          0          0          0       4218   stm32f10x_gpio.o
       206         24          0          3          0       4230   stm32f10x_it.o
        12          6          0          0          0        502   stm32f10x_pwr.o
       356         70          0          0          0       6451   stm32f10x_rcc.o
       264         48          0          0          0       5052   stm32f10x_rtc.o
       400         96          0          0          0      10539   stm32f10x_sdio.o
       112          0          0          0          0       3786   stm32f10x_spi.o
       902        116          0          0          0       6111   stm32f10x_tim.o
       304         26          0          0          0       1765   system_stm32f10x.o
      1934         72          0          5          0       9587   tft_lcd.o
      1360        146          0         27          0       2963   time.o
      2784        166         16          6         12      10391   touch.o
      1106         70          0          0          0       6008   vs1003.o

    ----------------------------------------------------------------------
     34620       2294     180088        220      52156     511801   Object Totals
         0          0         32          0          0          0   (incl. Generated)
        58          0          4          5          2          0   (incl. Padding)

    ----------------------------------------------------------------------

      Code (inc. data)   RO Data    RW Data    ZI Data      Debug   Library Member Name

         4          4          0          0          0        136   SVC_Table.o
       508         58          0          1          0       2533   hal_cm3.o
        76          4          0          0          0        593   rt_event.o
       390         24          0          0         48       3789   rt_list.o
       192          4          0          0          0        737   rt_mailbox.o
       130          0          0          0          0       1705   rt_membox.o
        96         24          0          8          0        954   rt_robin.o
        52          6          0          0          0        513   rt_semaphore.o
       296         52          0          3          0       2235   rt_system.o
       868        156          0          8         48       6786   rt_task.o
         6          0          0          2          0        528   rt_time.o
        64          8          0          8          0        603   rt_timer.o
        76          0          0          0          0         84   sqrt.o
         0          0          0          0          0          0   entry.o
         8          4          0          0          0          0   entry2.o
         4          0          0          0          0          0   entry5.o
         0          0          0          0          0          0   entry7b.o
         8          4          0          0          0          0   entry8.o
        12          6          0          4          0         68   errno.o
        30          0          0          0          0          0   handlers.o
        36          8          0          0          0         68   init.o
         0          0          0          0          0          0   iusefp.o
        30          0          0          0          0         68   llshl.o
        32          0          0          0          0         68   llushr.o
        36          0          0          0          0         68   memcpya.o
        38          0          0          0          0        108   memseta.o
         8          0          0          0          0         68   siabs.o
        28          0          0          0          0         68   strcat.o
        28          0          0          0          0         76   strcmp.o
        18          0          0          0          0         68   strcpy.o
        16          0          0          0          0         68   strlen.o
        44          0          0          0          0         80   strstr.o
        12          0          0          0          0         68   tolower.o
        40          2          0          0          0         68   cdcmple.o
        40          2          0          0          0         68   cdrcmple.o
       190          0          0          0          0        176   depilogue.o
        46          0          0          0          0         68   dfixui.o
        26          0          0          0          0         76   dfltui.o
       162          0          0          0          0        100   dsqrt.o
        44          0          0          0          0         68   f2d.o
       176          0          0          0          0        140   fadd.o
       128          0          0          0          0         88   fdiv.o
       108          0          0          0          0        168   fepilogue.o
        50          0          0          0          0         68   ffixi.o
        40          0          0          0          0         68   ffixui.o
        18          0          0          0          0         68   fflti.o
        10          0          0          0          0         68   ffltui.o
       108          0          0          0          0         76   fmul.o

    ----------------------------------------------------------------------
      4344        366          0         36        100      23508   Library Totals
        12          0          0          2          4          0   (incl. Padding)

    ----------------------------------------------------------------------

      Code (inc. data)   RO Data    RW Data    ZI Data      Debug   Library Name

      2682        340          0         30         96      21112   RTX_CM3.LIB
        76          0          0          0          0         84   m_ws.l
       388         22          0          4          0        944   mc_w.l
      1186          4          0          0          0       1368   mf_w.l

    ----------------------------------------------------------------------
      4344        366          0         36        100      23508   Library Totals

    ----------------------------------------------------------------------

==============================================================================


      Code (inc. data)   RO Data    RW Data    ZI Data      Debug   

     38964       2660     180088        256      52256     517733   Grand Totals
     38964       2660     180088        256      52256     517733   ELF Image Totals
     38964       2660     180088        256          0          0   ROM Totals

==============================================================================

    Total RO  Size (Code + RO Data)               219052 ( 213.92kB)
    Total RW  Size (RW Data + ZI Data)             52512 (  51.28kB)
    Total ROM Size (Code + RO Data + RW Data)     219308 ( 214.17kB)

==============================================================================

